
> erp-barbearia-backend@1.0.0 build
> nest build

node.exe : [96mprisma/seed.ts[0m:[93m30[0m:[93m7[0m - 
[91merror[0m[90m TS2353: [0mObject literal may only specify known 
properties, and 'senhaHash' does not exist in type 
'(Without<UsuarioCreateInput, UsuarioUncheckedCreateInput> & 
UsuarioUncheckedCreateInput) | (Without<...> & UsuarioCreateInput)'.
No C:\Program Files\nodejs\npm.ps1:29 caractere:3
+   & $NODE_EXE $NPM_CLI_JS $args
+   ~~~~~~~~~~~~~~~~~~~~~~~~~~~~~
    + CategoryInfo          : NotSpecified: ([96mprisma/see...oCreateInput)' 
   .:String) [], RemoteException
    + FullyQualifiedErrorId : NativeCommandError
 

[7m30[0m       senhaHash: adminPassword,
[7m  [0m [91m      ~~~~~~~~~[0m

  [96mnode_modules/.prisma/client/index.d.ts[0m:[93m27668[0m:[93m5[0m
    [7m27668[0m     data: XOR<UsuarioCreateInput, 
UsuarioUncheckedCreateInput>
    [7m     [0m [96m    ~~~~[0m
    The expected type comes from property 'data' which is declared here on 
type '{ select?: UsuarioSelect<DefaultArgs>; include?: 
UsuarioInclude<DefaultArgs>; data: (Without<UsuarioCreateInput, 
UsuarioUncheckedCreateInput> & UsuarioUncheckedCreateInput) | (Without<...> & 
UsuarioCreateInput); }'
[96mprisma/seed.ts[0m:[93m44[0m:[93m7[0m - [91merror[0m[90m TS2322: 
[0mType '"GERENTE"' is not assignable to type 'Role'.

[7m44[0m       role: 'GERENTE',
[7m  [0m [91m      ~~~~[0m

  [96mnode_modules/.prisma/client/index.d.ts[0m:[93m64543[0m:[93m5[0m
    [7m64543[0m     role?: $Enums.Role
    [7m     [0m [96m    ~~~~[0m
    The expected type comes from property 'role' which is declared here on 
type '(Without<UsuarioCreateInput, UsuarioUncheckedCreateInput> & 
UsuarioUncheckedCreateInput) | (Without<...> & UsuarioCreateInput)'
[96mprisma/seed.ts[0m:[93m56[0m:[93m7[0m - [91merror[0m[90m TS2820: 
[0mType '"BARBEIRO"' is not assignable to type 'Role'. Did you mean 
'"BARBER"'?

[7m56[0m       role: 'BARBEIRO',
[7m  [0m [91m      ~~~~[0m

  [96mnode_modules/.prisma/client/index.d.ts[0m:[93m64543[0m:[93m5[0m
    [7m64543[0m     role?: $Enums.Role
    [7m     [0m [96m    ~~~~[0m
    The expected type comes from property 'role' which is declared here on 
type '(Without<UsuarioCreateInput, UsuarioUncheckedCreateInput> & 
UsuarioUncheckedCreateInput) | (Without<...> & UsuarioCreateInput)'
[96mprisma/seed.ts[0m:[93m67[0m:[93m7[0m - [91merror[0m[90m TS2820: 
[0mType '"BARBEIRO"' is not assignable to type 'Role'. Did you mean 
'"BARBER"'?

[7m67[0m       role: 'BARBEIRO',
[7m  [0m [91m      ~~~~[0m

  [96mnode_modules/.prisma/client/index.d.ts[0m:[93m64543[0m:[93m5[0m
    [7m64543[0m     role?: $Enums.Role
    [7m     [0m [96m    ~~~~[0m
    The expected type comes from property 'role' which is declared here on 
type '(Without<UsuarioCreateInput, UsuarioUncheckedCreateInput> & 
UsuarioUncheckedCreateInput) | (Without<...> & UsuarioCreateInput)'
[96mprisma/seed.ts[0m:[93m579[0m:[93m7[0m - [91merror[0m[90m TS2322: 
[0mType '"PAGO"' is not assignable to type 'PagamentoStatus'.

[7m579[0m       status: 'PAGO',
[7m   [0m [91m      ~~~~~~[0m

  [96mnode_modules/.prisma/client/index.d.ts[0m:[93m66250[0m:[93m5[0m
    [7m66250[0m     status?: $Enums.PagamentoStatus
    [7m     [0m [96m    ~~~~~~[0m
    The expected type comes from property 'status' which is declared here on 
type '(Without<PagamentoCreateInput, PagamentoUncheckedCreateInput> & 
PagamentoUncheckedCreateInput) | (Without<...> & PagamentoCreateInput)'
[96mprisma/seed.ts[0m:[93m590[0m:[93m7[0m - [91merror[0m[90m TS2322: 
[0mType '"PAGO"' is not assignable to type 'PagamentoStatus'.

[7m590[0m       status: 'PAGO',
[7m   [0m [91m      ~~~~~~[0m

  [96mnode_modules/.prisma/client/index.d.ts[0m:[93m66250[0m:[93m5[0m
    [7m66250[0m     status?: $Enums.PagamentoStatus
    [7m     [0m [96m    ~~~~~~[0m
    The expected type comes from property 'status' which is declared here on 
type '(Without<PagamentoCreateInput, PagamentoUncheckedCreateInput> & 
PagamentoUncheckedCreateInput) | (Without<...> & PagamentoCreateInput)'
[96msrc/core/auth/auth.service.ts[0m:[93m13[0m:[93m53[0m - 
[91merror[0m[90m TS2339: [0mProperty 'senhaHash' does not exist on type 
'{ id: string; email: string; nome: string; senha: string; telefone: string; 
role: Role; ativo: boolean; barbeariaId: string; createdAt: Date; updatedAt: 
Date; deletedAt: Date; }'.

[7m13[0m     if (!user || !(await bcrypt.compare(senha, user.senhaHash))) {
[7m  [0m [91m                                                    
~~~~~~~~~[0m
[96msrc/domains/agendamento/agendamento.module.ts[0m:[93m2[0m:[93m30[0m 
- [91merror[0m[90m TS2307: [0mCannot find module 
'../../core/prisma/prisma.module' or its corresponding type declarations.

[7m2[0m import { PrismaModule } from '../../core/prisma/prisma.module';
[7m [0m [91m                             
~~~~~~~~~~~~~~~~~~~~~~~~~~~~~~~~~[0m
[96msrc/domains/agendamento/agendamento.module.ts[0m:[93m7[0m:[93m33[0m 
- [91merror[0m[90m TS2307: [0mCannot find module 
'./controllers/turno.controller' or its corresponding type declarations.

[7m7[0m import { TurnoController } from './controllers/turno.controller';
[7m [0m [91m                                
~~~~~~~~~~~~~~~~~~~~~~~~~~~~~~~~[0m
[96msrc/domains/agendamento/agendamento.module.ts[0m:[93m8[0m:[93m42[0m 
- [91merror[0m[90m TS2307: [0mCannot find module 
'./controllers/bloqueio-agenda.controller' or its corresponding type 
declarations.

[7m8[0m import { BloqueioAgendaController } from 
'./controllers/bloqueio-agenda.controller';
[7m [0m [91m                                         
~~~~~~~~~~~~~~~~~~~~~~~~~~~~~~~~~~~~~~~~~~[0m
[96msrc/domains/agendamento/agendamento.module.ts[0m:[93m9[0m:[93m38[0m 
- [91merror[0m[90m TS2307: [0mCannot find module 
'./controllers/calendario.controller' or its corresponding type declarations.

[7m9[0m import { CalendarioController } from 
'./controllers/calendario.controller';
[7m [0m [91m                                     
~~~~~~~~~~~~~~~~~~~~~~~~~~~~~~~~~~~~~[0m
[96msrc/domains/agendamento/agendamento.module.ts[0m:[93m13[0m:[93m30[0m
 - [91merror[0m[90m TS2307: [0mCannot find module 
'./services/turno.service' or its corresponding type declarations.

[7m13[0m import { TurnoService } from './services/turno.service';
[7m  [0m [91m                             ~~~~~~~~~~~~~~~~~~~~~~~~~~[0m
[96msrc/domains/agendamento/agendamento.module.ts[0m:[93m14[0m:[93m39[0m
 - [91merror[0m[90m TS2307: [0mCannot find module 
'./services/bloqueio-agenda.service' or its corresponding type declarations.

[7m14[0m import { BloqueioAgendaService } from 
'./services/bloqueio-agenda.service';
[7m  [0m [91m                                      
~~~~~~~~~~~~~~~~~~~~~~~~~~~~~~~~~~~~[0m
[96msrc/domains/agendamento/agendamento.module.ts[0m:[93m15[0m:[93m35[0m
 - [91merror[0m[90m TS2307: [0mCannot find module 
'./services/calendario.service' or its corresponding type declarations.

[7m15[0m import { CalendarioService } from './services/calendario.service';
[7m  [0m [91m                                  
~~~~~~~~~~~~~~~~~~~~~~~~~~~~~~~[0m
[96msrc/domains/agendamento/agendamento.module.ts[0m:[93m20[0m:[93m42[0m
 - [91merror[0m[90m TS2307: [0mCannot find module 
'./events/agendamento.event-handlers' or its corresponding type declarations.

[7m20[0m import { AgendamentoEventHandlers } from 
'./events/agendamento.event-handlers';
[7m  [0m [91m                                         
~~~~~~~~~~~~~~~~~~~~~~~~~~~~~~~~~~~~~[0m
[96msrc/domains/agendamento/controllers/agendamento.controller.ts[0m:[93m22
[0m:[93m30[0m - [91merror[0m[90m TS2307: [0mCannot find module 
'../../../core/auth/jwt-auth.guard' or its corresponding type declarations.

[7m22[0m import { JwtAuthGuard } from '../../../core/auth/jwt-auth.guard';
[7m  [0m [91m                             
~~~~~~~~~~~~~~~~~~~~~~~~~~~~~~~~~~~[0m
[96msrc/domains/agendamento/controllers/agendamento.controller.ts[0m:[93m16
2[0m:[93m16[0m - [91merror[0m[90m TS1016: [0mA required parameter 
cannot follow an optional parameter.

[7m162[0m     @Request() req: any,
[7m   [0m [91m               ~~~[0m
[96msrc/domains/agendamento/controllers/agendamento.controller.ts[0m:[93m18
8[0m:[93m16[0m - [91merror[0m[90m TS1016: [0mA required parameter 
cannot follow an optional parameter.

[7m188[0m     @Request() req: any,
[7m   [0m [91m               ~~~[0m
[96msrc/domains/agendamento/controllers/agendamento.controller.ts[0m:[93m22
0[0m:[93m16[0m - [91merror[0m[90m TS1016: [0mA required parameter 
cannot follow an optional parameter.

[7m220[0m     @Request() req: any,
[7m   [0m [91m               ~~~[0m
[96msrc/domains/agendamento/controllers/agendamento.controller.ts[0m:[93m27
0[0m:[93m5[0m - [91merror[0m[90m TS2740: [0mType '{ id: string; 
barbeariaId: string; createdAt: Date; deletedAt: Date; clienteId: string; 
barbeiroId: string; servicoId: string; inicio: Date; fim: Date; status: 
AgendamentoStatus; createdByUsuarioId: string; updatedByUsuarioId: string; }' 
is missing the following properties from type 'AgendamentoResponseDto': 
dataHora, duracaoMinutos, observacoes, recorrencia, and 4 more.

[7m270[0m     return this.agendamentoService.update(id, 
updateAgendamentoDto, req.user.barbeariaId);
[7m   [0m [91m    ~~~~~~[0m
[96msrc/domains/agendamento/controllers/agendamento.controller.ts[0m:[93m27
5[0m:[93m4[0m - [91merror[0m[90m TS2554: [0mExpected 1 arguments, but 
got 0.

[7m275[0m   @SoftDelete()
[7m   [0m [91m   ~~~~~~~~~~[0m

  [96msrc/shared/decorators/soft-delete.decorator.ts[0m:[93m11[0m:[93m28
[0m
    [7m11[0m export function SoftDelete(entityName: string) {
    [7m  [0m [96m                           ~~~~~~~~~~~~~~~~~~[0m
    An argument for 'entityName' was not provided.
[96msrc/domains/agendamento/controllers/agendamento.controller.ts[0m:[93m29
7[0m:[93m4[0m - [91merror[0m[90m TS2554: [0mExpected 1 arguments, but 
got 0.

[7m297[0m   @RestoreDeleted()
[7m   [0m [91m   ~~~~~~~~~~~~~~[0m

  [96msrc/shared/decorators/soft-delete.decorator.ts[0m:[93m37[0m:[93m32
[0m
    [7m37[0m export function RestoreDeleted(entityName: string) {
    [7m  [0m [96m                               ~~~~~~~~~~~~~~~~~~[0m
    An argument for 'entityName' was not provided.
[96msrc/domains/agendamento/services/agendamento.service.ts[0m:[93m16[0m:
[93m53[0m - [91merror[0m[90m TS2344: [0mType '{ id: string; barbeariaId: 
string; createdAt: Date; deletedAt: Date; clienteId: string; barbeiroId: 
string; servicoId: string; inicio: Date; fim: Date; status: 
AgendamentoStatus; createdByUsuarioId: string; updatedByUsuarioId: string; }' 
does not satisfy the constraint 'SoftDeleteEntity'.
  Property 'updatedAt' is missing in type '{ id: string; barbeariaId: string; 
createdAt: Date; deletedAt: Date; clienteId: string; barbeiroId: string; 
servicoId: string; inicio: Date; fim: Date; status: AgendamentoStatus; 
createdByUsuarioId: string; updatedByUsuarioId: string; }' but required in 
type 'SoftDeleteEntity'.

[7m16[0m export class AgendamentoService extends BaseService<Agendamento> {
[7m  [0m [91m                                                    
~~~~~~~~~~~[0m

  [96msrc/shared/base/base.service.ts[0m:[93m15[0m:[93m3[0m
    [7m15[0m   updatedAt: Date;
    [7m  [0m [96m  ~~~~~~~~~[0m
    'updatedAt' is declared here.
[96msrc/domains/agendamento/services/agendamento.service.ts[0m:[93m52[0m:
[93m80[0m - [91merror[0m[90m TS2551: [0mProperty 'duracaoMinutos' does 
not exist on type '{ id: string; nome: string; barbeariaId: string; 
deletedAt: Date; createdByUsuarioId: string; updatedByUsuarioId: string; 
preco: number; duracaoMin: number; categoriaId: string; }'. Did you mean 
'duracaoMin'?

[7m52[0m       const duracaoTotal = servicos.reduce((total, servico) => 
total + servico.duracaoMinutos, 0);
[7m  [0m [91m                                                              
                 ~~~~~~~~~~~~~~[0m
[96msrc/domains/agendamento/services/agendamento.service.ts[0m:[93m78[0m:
[93m11[0m - [91merror[0m[90m TS2353: [0mObject literal may only specify 
known properties, and 'dataHora' does not exist in type 
'(Without<AgendamentoCreateInput, AgendamentoUncheckedCreateInput> & 
AgendamentoUncheckedCreateInput) | (Without<...> & AgendamentoCreateInput)'.

[7m78[0m           dataHora: dataHoraInicio,
[7m  [0m [91m          ~~~~~~~~[0m

  [96mnode_modules/.prisma/client/index.d.ts[0m:[93m39839[0m:[93m5[0m
    [7m39839[0m     data: XOR<AgendamentoCreateInput, 
AgendamentoUncheckedCreateInput>
    [7m     [0m [96m    ~~~~[0m
    The expected type comes from property 'data' which is declared here on 
type '{ select?: AgendamentoSelect<DefaultArgs>; include?: 
AgendamentoInclude<DefaultArgs>; data: (Without<AgendamentoCreateInput, 
AgendamentoUncheckedCreateInput> & AgendamentoUncheckedCreateInput) | 
(Without<...> & AgendamentoCreateInput); }'
[96msrc/domains/agendamento/services/agendamento.service.ts[0m:[93m116[0m:
[93m9[0m - [91merror[0m[90m TS2353: [0mObject literal may only specify 
known properties, and 'updatedAt' does not exist in type 
'(Without<AgendamentoUpdateInput, AgendamentoUncheckedUpdateInput> & 
AgendamentoUncheckedUpdateInput) | (Without<...> & AgendamentoUpdateInput)'.

[7m116[0m         updatedAt: new Date()
[7m   [0m [91m        ~~~~~~~~~[0m

  [96mnode_modules/.prisma/client/index.d.ts[0m:[93m39887[0m:[93m5[0m
    [7m39887[0m     data: XOR<AgendamentoUpdateInput, 
AgendamentoUncheckedUpdateInput>
    [7m     [0m [96m    ~~~~[0m
    The expected type comes from property 'data' which is declared here on 
type '{ select?: AgendamentoSelect<DefaultArgs>; include?: 
AgendamentoInclude<DefaultArgs>; data: (Without<AgendamentoUpdateInput, 
AgendamentoUncheckedUpdateInput> & AgendamentoUncheckedUpdateInput) | 
(Without<...> & AgendamentoUpdateInput); where: AgendamentoWhereUniqueInput; 
}'
[96msrc/domains/agendamento/services/agendamento.service.ts[0m:[93m122[0m:
[93m29[0m - [91merror[0m[90m TS2339: [0mProperty 'emitDomainEvent' does 
not exist on type 'DomainEventEmitterService'.

[7m122[0m     await 
this.eventEmitter.emitDomainEvent('AGENDAMENTO_CONFIRMADO', {
[7m   [0m [91m                            ~~~~~~~~~~~~~~~[0m
[96msrc/domains/agendamento/services/agendamento.service.ts[0m:[93m126[0m:
[93m29[0m - [91merror[0m[90m TS2339: [0mProperty 'dataHora' does not 
exist on type '{ cliente: { id: string; nome: string; telefone: string; }; 
barbeiro: { id: string; nome: string; }; agendamentoServicos: never; } & { 
id: string; barbeariaId: string; createdAt: Date; deletedAt: Date; ... 7 more 
...; updatedByUsuarioId: string; }'.

[7m126[0m       dataHora: agendamento.dataHora,
[7m   [0m [91m                            ~~~~~~~~[0m
[96msrc/domains/agendamento/services/agendamento.service.ts[0m:[93m148[0m:
[93m9[0m - [91merror[0m[90m TS2353: [0mObject literal may only specify 
known properties, and 'updatedAt' does not exist in type 
'(Without<AgendamentoUpdateInput, AgendamentoUncheckedUpdateInput> & 
AgendamentoUncheckedUpdateInput) | (Without<...> & AgendamentoUpdateInput)'.

[7m148[0m         updatedAt: new Date()
[7m   [0m [91m        ~~~~~~~~~[0m

  [96mnode_modules/.prisma/client/index.d.ts[0m:[93m39887[0m:[93m5[0m
    [7m39887[0m     data: XOR<AgendamentoUpdateInput, 
AgendamentoUncheckedUpdateInput>
    [7m     [0m [96m    ~~~~[0m
    The expected type comes from property 'data' which is declared here on 
type '{ select?: AgendamentoSelect<DefaultArgs>; include?: 
AgendamentoInclude<DefaultArgs>; data: (Without<AgendamentoUpdateInput, 
AgendamentoUncheckedUpdateInput> & AgendamentoUncheckedUpdateInput) | 
(Without<...> & AgendamentoUpdateInput); where: AgendamentoWhereUniqueInput; 
}'
[96msrc/domains/agendamento/services/agendamento.service.ts[0m:[93m155[0m:
[93m29[0m - [91merror[0m[90m TS2339: [0mProperty 'emitDomainEvent' does 
not exist on type 'DomainEventEmitterService'.

[7m155[0m     await 
this.eventEmitter.emitDomainEvent('AGENDAMENTO_INICIADO', {
[7m   [0m [91m                            ~~~~~~~~~~~~~~~[0m
[96msrc/domains/agendamento/services/agendamento.service.ts[0m:[93m159[0m:
[93m51[0m - [91merror[0m[90m TS2339: [0mProperty 'map' does not exist 
on type 'never'.

[7m159[0m       servicoIds: agendamento.agendamentoServicos.map(as => 
as.servicoId),
[7m   [0m [91m                                                  ~~~[0m
[96msrc/domains/agendamento/services/agendamento.service.ts[0m:[93m160[0m:
[93m35[0m - [91merror[0m[90m TS2339: [0mProperty 'dataHora' does not 
exist on type '{ cliente: { id: string; nome: string; telefone: string; }; 
barbeiro: { id: string; nome: string; }; agendamentoServicos: never; } & { 
id: string; barbeariaId: string; createdAt: Date; deletedAt: Date; ... 7 more 
...; updatedByUsuarioId: string; }'.

[7m160[0m       dataHoraInicio: agendamento.dataHora,
[7m   [0m [91m                                  ~~~~~~~~[0m
[96msrc/domains/agendamento/services/agendamento.service.ts[0m:[93m184[0m:
[93m9[0m - [91merror[0m[90m TS2353: [0mObject literal may only specify 
known properties, and 'updatedAt' does not exist in type 
'(Without<AgendamentoUpdateInput, AgendamentoUncheckedUpdateInput> & 
AgendamentoUncheckedUpdateInput) | (Without<...> & AgendamentoUpdateInput)'.

[7m184[0m         updatedAt: new Date()
[7m   [0m [91m        ~~~~~~~~~[0m

  [96mnode_modules/.prisma/client/index.d.ts[0m:[93m39887[0m:[93m5[0m
    [7m39887[0m     data: XOR<AgendamentoUpdateInput, 
AgendamentoUncheckedUpdateInput>
    [7m     [0m [96m    ~~~~[0m
    The expected type comes from property 'data' which is declared here on 
type '{ select?: AgendamentoSelect<DefaultArgs>; include?: 
AgendamentoInclude<DefaultArgs>; data: (Without<AgendamentoUpdateInput, 
AgendamentoUncheckedUpdateInput> & AgendamentoUncheckedUpdateInput) | 
(Without<...> & AgendamentoUpdateInput); where: AgendamentoWhereUniqueInput; 
}'
[96msrc/domains/agendamento/services/agendamento.service.ts[0m:[93m191[0m:
[93m29[0m - [91merror[0m[90m TS2339: [0mProperty 'emitDomainEvent' does 
not exist on type 'DomainEventEmitterService'.

[7m191[0m     await 
this.eventEmitter.emitDomainEvent('ATENDIMENTO_CONCLUIDO', {
[7m   [0m [91m                            ~~~~~~~~~~~~~~~[0m
[96msrc/domains/agendamento/services/agendamento.service.ts[0m:[93m195[0m:
[93m51[0m - [91merror[0m[90m TS2339: [0mProperty 'map' does not exist 
on type 'never'.

[7m195[0m       servicoIds: agendamento.agendamentoServicos.map(as => 
as.servicoId),
[7m   [0m [91m                                                  ~~~[0m
[96msrc/domains/agendamento/services/agendamento.service.ts[0m:[93m196[0m:
[93m35[0m - [91merror[0m[90m TS2339: [0mProperty 'dataHora' does not 
exist on type '{ cliente: { id: string; nome: string; telefone: string; }; 
barbeiro: { id: string; nome: string; }; agendamentoServicos: never; } & { 
id: string; barbeariaId: string; createdAt: Date; deletedAt: Date; ... 7 more 
...; updatedByUsuarioId: string; }'.

[7m196[0m       dataHoraInicio: agendamento.dataHora,
[7m   [0m [91m                                  ~~~~~~~~[0m
[96msrc/domains/agendamento/services/agendamento.service.ts[0m:[93m197[0m:
[93m41[0m - [91merror[0m[90m TS2339: [0mProperty 'dataHora' does not 
exist on type '{ cliente: { id: string; nome: string; telefone: string; }; 
barbeiro: { id: string; nome: string; }; agendamentoServicos: never; } & { 
id: string; barbeariaId: string; createdAt: Date; deletedAt: Date; ... 7 more 
...; updatedByUsuarioId: string; }'.

[7m197[0m       dataHoraFim: new Date(agendamento.dataHora.getTime() + 
agendamento.duracaoMinutos * 60000),
[7m   [0m [91m                                        ~~~~~~~~[0m
[96msrc/domains/agendamento/services/agendamento.service.ts[0m:[93m197[0m:
[93m74[0m - [91merror[0m[90m TS2339: [0mProperty 'duracaoMinutos' does 
not exist on type '{ cliente: { id: string; nome: string; telefone: string; 
}; barbeiro: { id: string; nome: string; }; agendamentoServicos: never; } & { 
id: string; barbeariaId: string; createdAt: Date; deletedAt: Date; ... 7 more 
...; updatedByUsuarioId: string; }'.

[7m197[0m       dataHoraFim: new Date(agendamento.dataHora.getTime() + 
agendamento.duracaoMinutos * 60000),
[7m   [0m [91m                                                             
            ~~~~~~~~~~~~~~[0m
[96msrc/domains/agendamento/services/agendamento.service.ts[0m:[93m198[0m:
[93m32[0m - [91merror[0m[90m TS2339: [0mProperty 'observacoes' does not 
exist on type '{ cliente: { id: string; nome: string; telefone: string; }; 
barbeiro: { id: string; nome: string; }; agendamentoServicos: never; } & { 
id: string; barbeariaId: string; createdAt: Date; deletedAt: Date; ... 7 more 
...; updatedByUsuarioId: string; }'.

[7m198[0m       observacoes: agendamento.observacoes ?? '',
[7m   [0m [91m                               ~~~~~~~~~~~[0m
[96msrc/domains/agendamento/services/agendamento.service.ts[0m:[93m217[0m:
[93m104[0m - [91merror[0m[90m TS2345: [0mArgument of type 
'AgendamentoStatus' is not assignable to parameter of type 
'StatusAgendamento'.
  Type '"PENDENTE"' is not assignable to type 'StatusAgendamento'.

[7m217[0m     if ([StatusAgendamento.CONCLUIDO, 
StatusAgendamento.CANCELADO, 
StatusAgendamento.NO_SHOW].includes(agendamento.status)) {
[7m   [0m [91m                                                             
                                          ~~~~~~~~~~~~~~~~~~[0m
[96msrc/domains/agendamento/services/agendamento.service.ts[0m:[93m222[0m:
[93m61[0m - [91merror[0m[90m TS2339: [0mProperty 'observacoes' does not 
exist on type '{ cliente: { id: string; nome: string; telefone: string; }; 
barbeiro: { id: string; nome: string; }; agendamentoServicos: never; } & { 
id: string; barbeariaId: string; createdAt: Date; deletedAt: Date; ... 7 more 
...; updatedByUsuarioId: string; }'.

[7m222[0m     const observacoesCancelamento = motivo ? 
`${agendamento.observacoes}\n[CANCELADO]: ${motivo}` : 
agendamento.observacoes;
[7m   [0m [91m                                                            
~~~~~~~~~~~[0m
[96msrc/domains/agendamento/services/agendamento.service.ts[0m:[93m222[0m:
[93m113[0m - [91merror[0m[90m TS2339: [0mProperty 'observacoes' does 
not exist on type '{ cliente: { id: string; nome: string; telefone: string; 
}; barbeiro: { id: string; nome: string; }; agendamentoServicos: never; } & { 
id: string; barbeariaId: string; createdAt: Date; deletedAt: Date; ... 7 more 
...; updatedByUsuarioId: string; }'.

[7m222[0m     const observacoesCancelamento = motivo ? 
`${agendamento.observacoes}\n[CANCELADO]: ${motivo}` : 
agendamento.observacoes;
[7m   [0m [91m                                                             
                                                   ~~~~~~~~~~~[0m
[96msrc/domains/agendamento/services/agendamento.service.ts[0m:[93m228[0m:
[93m9[0m - [91merror[0m[90m TS2353: [0mObject literal may only specify 
known properties, and 'observacoes' does not exist in type 
'(Without<AgendamentoUpdateInput, AgendamentoUncheckedUpdateInput> & 
AgendamentoUncheckedUpdateInput) | (Without<...> & AgendamentoUpdateInput)'.

[7m228[0m         observacoes: observacoesCancelamento,
[7m   [0m [91m        ~~~~~~~~~~~[0m

  [96mnode_modules/.prisma/client/index.d.ts[0m:[93m39887[0m:[93m5[0m
    [7m39887[0m     data: XOR<AgendamentoUpdateInput, 
AgendamentoUncheckedUpdateInput>
    [7m     [0m [96m    ~~~~[0m
    The expected type comes from property 'data' which is declared here on 
type '{ select?: AgendamentoSelect<DefaultArgs>; include?: 
AgendamentoInclude<DefaultArgs>; data: (Without<AgendamentoUpdateInput, 
AgendamentoUncheckedUpdateInput> & AgendamentoUncheckedUpdateInput) | 
(Without<...> & AgendamentoUpdateInput); where: AgendamentoWhereUniqueInput; 
}'
[96msrc/domains/agendamento/services/agendamento.service.ts[0m:[93m235[0m:
[93m29[0m - [91merror[0m[90m TS2339: [0mProperty 'emitDomainEvent' does 
not exist on type 'DomainEventEmitterService'.

[7m235[0m     await 
this.eventEmitter.emitDomainEvent('AGENDAMENTO_CANCELADO', {
[7m   [0m [91m                            ~~~~~~~~~~~~~~~[0m
[96msrc/domains/agendamento/services/agendamento.service.ts[0m:[93m273[0m:
[93m18[0m - [91merror[0m[90m TS2353: [0mObject literal may only specify 
known properties, and 'dataHora' does not exist in type 
'AgendamentoOrderByWithRelationInput | AgendamentoOrderByWithRelationInput[]'.

[7m273[0m       orderBy: { dataHora: 'asc' }
[7m   [0m [91m                 ~~~~~~~~[0m

  [96mnode_modules/.prisma/client/index.d.ts[0m:[93m39802[0m:[93m5[0m
    [7m39802[0m     orderBy?: AgendamentoOrderByWithRelationInput | 
AgendamentoOrderByWithRelationInput[]
    [7m     [0m [96m    ~~~~~~~[0m
    The expected type comes from property 'orderBy' which is declared here on 
type '{ select?: AgendamentoSelect<DefaultArgs>; include?: 
AgendamentoInclude<DefaultArgs>; where?: AgendamentoWhereInput; ... 4 more 
...; distinct?: AgendamentoScalarFieldEnum | AgendamentoScalarFieldEnum[]; }'
[96msrc/domains/agendamento/services/conflitos.service.ts[0m:[93m99[0m:[9
3m17[0m - [91merror[0m[90m TS2353: [0mObject literal may only specify 
known properties, and 'dataHora' does not exist in type 
'AgendamentoWhereInput'.

[7m99[0m               { dataHora: { lte: dataHoraInicio } },
[7m  [0m [91m                ~~~~~~~~[0m
[96msrc/domains/agendamento/services/conflitos.service.ts[0m:[93m101[0m:[
93m17[0m - [91merror[0m[90m TS2353: [0mObject literal may only specify 
known properties, and 'dataHora' does not exist in type 
'AgendamentoWhereInput'.

[7m101[0m                 dataHora: {
[7m   [0m [91m                ~~~~~~~~[0m
[96msrc/domains/agendamento/services/conflitos.service.ts[0m:[93m110[0m:[
93m17[0m - [91merror[0m[90m TS2353: [0mObject literal may only specify 
known properties, and 'dataHora' does not exist in type 
'AgendamentoWhereInput'.

[7m110[0m               { dataHora: { lte: dataHoraFim } },
[7m   [0m [91m                ~~~~~~~~[0m
[96msrc/domains/agendamento/services/conflitos.service.ts[0m:[93m112[0m:[
93m17[0m - [91merror[0m[90m TS2353: [0mObject literal may only specify 
known properties, and 'dataHora' does not exist in type 
'AgendamentoWhereInput'.

[7m112[0m                 dataHora: {
[7m   [0m [91m                ~~~~~~~~[0m
[96msrc/domains/agendamento/services/conflitos.service.ts[0m:[93m121[0m:[
93m17[0m - [91merror[0m[90m TS2353: [0mObject literal may only specify 
known properties, and 'dataHora' does not exist in type 
'AgendamentoWhereInput'.

[7m121[0m               { dataHora: { gte: dataHoraInicio } },
[7m   [0m [91m                ~~~~~~~~[0m
[96msrc/domains/agendamento/services/conflitos.service.ts[0m:[93m122[0m:[
93m17[0m - [91merror[0m[90m TS2353: [0mObject literal may only specify 
known properties, and 'dataHora' does not exist in type 
'AgendamentoWhereInput'.

[7m122[0m               { dataHora: { lte: dataHoraFim } }
[7m   [0m [91m                ~~~~~~~~[0m
[96msrc/domains/agendamento/services/conflitos.service.ts[0m:[93m135[0m:[
93m23[0m - [91merror[0m[90m TS2339: [0mProperty 'dataHora' does not 
exist on type '{ id: string; barbeariaId: string; createdAt: Date; deletedAt: 
Date; clienteId: string; barbeiroId: string; servicoId: string; inicio: Date; 
fim: Date; status: AgendamentoStatus; createdByUsuarioId: string; 
updatedByUsuarioId: string; }'.

[7m135[0m           agendamento.dataHora.getTime() + 
agendamento.duracaoMinutos * 60000
[7m   [0m [91m                      ~~~~~~~~[0m
[96msrc/domains/agendamento/services/conflitos.service.ts[0m:[93m135[0m:[
93m56[0m - [91merror[0m[90m TS2339: [0mProperty 'duracaoMinutos' does 
not exist on type '{ id: string; barbeariaId: string; createdAt: Date; 
deletedAt: Date; clienteId: string; barbeiroId: string; servicoId: string; 
inicio: Date; fim: Date; status: AgendamentoStatus; createdByUsuarioId: 
string; updatedByUsuarioId: string; }'.

[7m135[0m           agendamento.dataHora.getTime() + 
agendamento.duracaoMinutos * 60000
[7m   [0m [91m                                                       
~~~~~~~~~~~~~~[0m
[96msrc/domains/agendamento/services/conflitos.service.ts[0m:[93m140[0m:[
93m38[0m - [91merror[0m[90m TS2339: [0mProperty 'dataHora' does not 
exist on type '{ id: string; barbeariaId: string; createdAt: Date; deletedAt: 
Date; clienteId: string; barbeiroId: string; servicoId: string; inicio: Date; 
fim: Date; status: AgendamentoStatus; createdByUsuarioId: string; 
updatedByUsuarioId: string; }'.

[7m140[0m           dataHoraFim <= agendamento.dataHora ||
[7m   [0m [91m                                     ~~~~~~~~[0m
[96msrc/domains/agendamento/services/conflitos.service.ts[0m:[93m146[0m:[
93m63[0m - [91merror[0m[90m TS2551: [0mProperty 'cliente' does not exist 
on type '{ id: string; barbeariaId: string; createdAt: Date; deletedAt: Date; 
clienteId: string; barbeiroId: string; servicoId: string; inicio: Date; fim: 
Date; status: AgendamentoStatus; createdByUsuarioId: string; 
updatedByUsuarioId: string; }'. Did you mean 'clienteId'?

[7m146[0m         descricao: `Conflito com agendamento de 
${agendamento.cliente.nome} ├ás ${this.formatarHora(agendamento.dataHora)}`,
[7m   [0m [91m                                                             
 ~~~~~~~[0m
[96msrc/domains/agendamento/services/conflitos.service.ts[0m:[93m146[0m:[
93m112[0m - [91merror[0m[90m TS2339: [0mProperty 'dataHora' does not 
exist on type '{ id: string; barbeariaId: string; createdAt: Date; deletedAt: 
Date; clienteId: string; barbeiroId: string; servicoId: string; inicio: Date; 
fim: Date; status: AgendamentoStatus; createdByUsuarioId: string; 
updatedByUsuarioId: string; }'.

[7m146[0m         descricao: `Conflito com agendamento de 
${agendamento.cliente.nome} ├ás ${this.formatarHora(agendamento.dataHora)}`,
[7m   [0m [91m                                                             
                                                  ~~~~~~~~[0m
[96msrc/domains/agendamento/services/conflitos.service.ts[0m:[93m147[0m:[
93m31[0m - [91merror[0m[90m TS2339: [0mProperty 'dataHora' does not 
exist on type '{ id: string; barbeariaId: string; createdAt: Date; deletedAt: 
Date; clienteId: string; barbeiroId: string; servicoId: string; inicio: Date; 
fim: Date; status: AgendamentoStatus; createdByUsuarioId: string; 
updatedByUsuarioId: string; }'.

[7m147[0m         dataHora: agendamento.dataHora,
[7m   [0m [91m                              ~~~~~~~~[0m
[96msrc/domains/agendamento/services/conflitos.service.ts[0m:[93m171[0m:[
93m17[0m - [91merror[0m[90m TS2561: [0mObject literal may only specify 
known properties, but 'dataHoraInicio' does not exist in type 
'BloqueioAgendaWhereInput'. Did you mean to write 'dataInicio'?

[7m171[0m               { dataHoraInicio: { lte: dataHoraInicio } },
[7m   [0m [91m                ~~~~~~~~~~~~~~[0m
[96msrc/domains/agendamento/services/conflitos.service.ts[0m:[93m172[0m:[
93m17[0m - [91merror[0m[90m TS2353: [0mObject literal may only specify 
known properties, and 'dataHoraFim' does not exist in type 
'BloqueioAgendaWhereInput'.

[7m172[0m               { dataHoraFim: { gte: dataHoraInicio } }
[7m   [0m [91m                ~~~~~~~~~~~[0m
[96msrc/domains/agendamento/services/conflitos.service.ts[0m:[93m178[0m:[
93m17[0m - [91merror[0m[90m TS2561: [0mObject literal may only specify 
known properties, but 'dataHoraInicio' does not exist in type 
'BloqueioAgendaWhereInput'. Did you mean to write 'dataInicio'?

[7m178[0m               { dataHoraInicio: { lte: dataHoraFim } },
[7m   [0m [91m                ~~~~~~~~~~~~~~[0m
[96msrc/domains/agendamento/services/conflitos.service.ts[0m:[93m179[0m:[
93m17[0m - [91merror[0m[90m TS2353: [0mObject literal may only specify 
known properties, and 'dataHoraFim' does not exist in type 
'BloqueioAgendaWhereInput'.

[7m179[0m               { dataHoraFim: { gte: dataHoraFim } }
[7m   [0m [91m                ~~~~~~~~~~~[0m
[96msrc/domains/agendamento/services/conflitos.service.ts[0m:[93m185[0m:[
93m17[0m - [91merror[0m[90m TS2561: [0mObject literal may only specify 
known properties, but 'dataHoraInicio' does not exist in type 
'BloqueioAgendaWhereInput'. Did you mean to write 'dataInicio'?

[7m185[0m               { dataHoraInicio: { gte: dataHoraInicio } },
[7m   [0m [91m                ~~~~~~~~~~~~~~[0m
[96msrc/domains/agendamento/services/conflitos.service.ts[0m:[93m186[0m:[
93m17[0m - [91merror[0m[90m TS2353: [0mObject literal may only specify 
known properties, and 'dataHoraFim' does not exist in type 
'BloqueioAgendaWhereInput'.

[7m186[0m               { dataHoraFim: { lte: dataHoraFim } }
[7m   [0m [91m                ~~~~~~~~~~~[0m
[96msrc/domains/agendamento/services/conflitos.service.ts[0m:[93m192[0m:[
93m17[0m - [91merror[0m[90m TS2561: [0mObject literal may only specify 
known properties, but 'dataHoraInicio' does not exist in type 
'BloqueioAgendaWhereInput'. Did you mean to write 'dataInicio'?

[7m192[0m               { dataHoraInicio: { lte: dataHoraInicio } },
[7m   [0m [91m                ~~~~~~~~~~~~~~[0m
[96msrc/domains/agendamento/services/conflitos.service.ts[0m:[93m193[0m:[
93m17[0m - [91merror[0m[90m TS2353: [0mObject literal may only specify 
known properties, and 'dataHoraFim' does not exist in type 
'BloqueioAgendaWhereInput'.

[7m193[0m               { dataHoraFim: { gte: dataHoraFim } }
[7m   [0m [91m                ~~~~~~~~~~~[0m
[96msrc/domains/agendamento/services/conflitos.service.ts[0m:[93m202[0m:[
93m53[0m - [91merror[0m[90m TS2339: [0mProperty 'motivo' does not exist 
on type '{ id: string; barbeariaId: string; createdAt: Date; updatedAt: Date; 
deletedAt: Date; barbeiroId: string; tipo: TipoBloqueio; descricao: string; 
dataInicio: Date; dataFim: Date; recorrente: boolean; titulo: string; }'.

[7m202[0m       descricao: `Conflito com bloqueio: ${bloqueio.motivo} 
(${this.formatarHora(bloqueio.dataHoraInicio)} - 
${this.formatarHora(bloqueio.dataHoraFim)})`,
[7m   [0m [91m                                                    
~~~~~~[0m
[96msrc/domains/agendamento/services/conflitos.service.ts[0m:[93m202[0m:[
93m91[0m - [91merror[0m[90m TS2551: [0mProperty 'dataHoraInicio' does 
not exist on type '{ id: string; barbeariaId: string; createdAt: Date; 
updatedAt: Date; deletedAt: Date; barbeiroId: string; tipo: TipoBloqueio; 
descricao: string; dataInicio: Date; dataFim: Date; recorrente: boolean; 
titulo: string; }'. Did you mean 'dataInicio'?

[7m202[0m       descricao: `Conflito com bloqueio: ${bloqueio.motivo} 
(${this.formatarHora(bloqueio.dataHoraInicio)} - 
${this.formatarHora(bloqueio.dataHoraFim)})`,
[7m   [0m [91m                                                             
                             ~~~~~~~~~~~~~~[0m
[96msrc/domains/agendamento/services/conflitos.service.ts[0m:[93m202[0m:[
93m139[0m - [91merror[0m[90m TS2339: [0mProperty 'dataHoraFim' does not 
exist on type '{ id: string; barbeariaId: string; createdAt: Date; updatedAt: 
Date; deletedAt: Date; barbeiroId: string; tipo: TipoBloqueio; descricao: 
string; dataInicio: Date; dataFim: Date; recorrente: boolean; titulo: string; 
}'.

[7m202[0m       descricao: `Conflito com bloqueio: ${bloqueio.motivo} 
(${this.formatarHora(bloqueio.dataHoraInicio)} - 
${this.formatarHora(bloqueio.dataHoraFim)})`,
[7m   [0m [91m                                                             
                                                                             
~~~~~~~~~~~[0m
[96msrc/domains/agendamento/services/conflitos.service.ts[0m:[93m203[0m:[
93m26[0m - [91merror[0m[90m TS2551: [0mProperty 'dataHoraInicio' does 
not exist on type '{ id: string; barbeariaId: string; createdAt: Date; 
updatedAt: Date; deletedAt: Date; barbeiroId: string; tipo: TipoBloqueio; 
descricao: string; dataInicio: Date; dataFim: Date; recorrente: boolean; 
titulo: string; }'. Did you mean 'dataInicio'?

[7m203[0m       dataHora: bloqueio.dataHoraInicio,
[7m   [0m [91m                         ~~~~~~~~~~~~~~[0m
[96msrc/domains/agendamento/services/slots.service.ts[0m:[93m75[0m:[93m9
[0m - [91merror[0m[90m TS2561: [0mObject literal may only specify known 
properties, but 'duracaoMinutos' does not exist in type 
'ServicoSelect<DefaultArgs>'. Did you mean to write 'duracaoMin'?

[7m75[0m         duracaoMinutos: true,
[7m  [0m [91m        ~~~~~~~~~~~~~~[0m

  [96mnode_modules/.prisma/client/index.d.ts[0m:[93m34279[0m:[93m5[0m
    [7m34279[0m     select?: ServicoSelect<ExtArgs> | null
    [7m     [0m [96m    ~~~~~~[0m
    The expected type comes from property 'select' which is declared here on 
type '{ select?: ServicoSelect<DefaultArgs>; include?: 
ServicoInclude<DefaultArgs>; where?: ServicoWhereInput; ... 4 more ...; 
distinct?: ServicoScalarFieldEnum | ServicoScalarFieldEnum[]; }'
[96msrc/domains/agendamento/services/slots.service.ts[0m:[93m83[0m:[93m85
[0m - [91merror[0m[90m TS2551: [0mProperty 'duracaoMinutos' does not 
exist on type '{ id: string; nome: string; barbeariaId: string; deletedAt: 
Date; createdByUsuarioId: string; updatedByUsuarioId: string; preco: number; 
duracaoMin: number; categoriaId: string; }'. Did you mean 'duracaoMin'?

[7m83[0m     const duracaoTotalMinutos = servicos.reduce((total, servico) 
=> total + servico.duracaoMinutos, 0);
[7m  [0m [91m                                                              
                      ~~~~~~~~~~~~~~[0m
[96msrc/domains/atendimento/atendimento.module.ts[0m:[93m2[0m:[93m30[0m 
- [91merror[0m[90m TS2307: [0mCannot find module 
'../../core/prisma/prisma.module' or its corresponding type declarations.

[7m2[0m import { PrismaModule } from '../../core/prisma/prisma.module';
[7m [0m [91m                             
~~~~~~~~~~~~~~~~~~~~~~~~~~~~~~~~~[0m
[96msrc/domains/atendimento/controllers/atendimento.controller.ts[0m:[93m20
[0m:[93m30[0m - [91merror[0m[90m TS2307: [0mCannot find module 
'../../../core/auth/jwt-auth.guard' or its corresponding type declarations.

[7m20[0m import { JwtAuthGuard } from '../../../core/auth/jwt-auth.guard';
[7m  [0m [91m                             
~~~~~~~~~~~~~~~~~~~~~~~~~~~~~~~~~~~[0m
[96msrc/domains/atendimento/events/atendimento.event-handlers.ts[0m:[93m181
[0m:[93m34[0m - [91merror[0m[90m TS2339: [0mProperty 'status' does not 
exist on type '{ id: string; barbeariaId: string; deletedAt: Date; data: 
Date; clienteId: string; barbeiroId: string; servicoId: string; 
agendamentoId: string; valorTotal: number; descricao: string; }'.

[7m181[0m       if (historico && historico.status !== 
StatusAtendimento.CONCLUIDO) {
[7m   [0m [91m                                 ~~~~~~[0m
[96msrc/domains/atendimento/events/atendimento.event-handlers.ts[0m:[93m186
[0m:[93m13[0m - [91merror[0m[90m TS2353: [0mObject literal may only 
specify known properties, and 'status' does not exist in type 
'(Without<HistoricoAtendimentoUpdateInput, 
HistoricoAtendimentoUncheckedUpdateInput> & 
HistoricoAtendimentoUncheckedUpdateInput) | (Without<...> & 
HistoricoAtendimentoUpdateInput)'.

[7m186[0m             status: StatusAtendimento.CANCELADO,
[7m   [0m [91m            ~~~~~~[0m

  [96mnode_modules/.prisma/client/index.d.ts[0m:[93m41008[0m:[93m5[0m
    [7m41008[0m     data: XOR<HistoricoAtendimentoUpdateInput, 
HistoricoAtendimentoUncheckedUpdateInput>
    [7m     [0m [96m    ~~~~[0m
    The expected type comes from property 'data' which is declared here on 
type '{ select?: HistoricoAtendimentoSelect<DefaultArgs>; include?: 
HistoricoAtendimentoInclude<DefaultArgs>; data: (Without<...> & 
HistoricoAtendimentoUncheckedUpdateInput) | (Without<...> & 
HistoricoAtendimentoUpdateInput); where: 
HistoricoAtendimentoWhereUniqueInput; }'
[96msrc/domains/atendimento/services/historico-atendimento.service.ts[0m:[9
3m15[0m:[93m50[0m - [91merror[0m[90m TS2314: [0mGeneric type 
'BaseService<T>' requires 1 type argument(s).

[7m15[0m export class HistoricoAtendimentoService extends BaseService {
[7m  [0m [91m                                                 
~~~~~~~~~~~[0m
[96msrc/domains/atendimento/services/historico-atendimento.service.ts[0m:[9
3m60[0m:[93m9[0m - [91merror[0m[90m TS2353: [0mObject literal may only 
specify known properties, and 'dataHoraInicio' does not exist in type 
'(Without<HistoricoAtendimentoCreateInput, 
HistoricoAtendimentoUncheckedCreateInput> & 
HistoricoAtendimentoUncheckedCreateInput) | (Without<...> & 
HistoricoAtendimentoCreateInput)'.

[7m60[0m         dataHoraInicio: new Date(dto.dataHoraInicio),
[7m  [0m [91m        ~~~~~~~~~~~~~~[0m

  [96mnode_modules/.prisma/client/index.d.ts[0m:[93m40960[0m:[93m5[0m
    [7m40960[0m     data: XOR<HistoricoAtendimentoCreateInput, 
HistoricoAtendimentoUncheckedCreateInput>
    [7m     [0m [96m    ~~~~[0m
    The expected type comes from property 'data' which is declared here on 
type '{ select?: HistoricoAtendimentoSelect<DefaultArgs>; include?: 
HistoricoAtendimentoInclude<DefaultArgs>; data: (Without<...> & 
HistoricoAtendimentoUncheckedCreateInput) | (Without<...> & 
HistoricoAtendimentoCreateInput); }'
[96msrc/domains/atendimento/services/historico-atendimento.service.ts[0m:[9
3m77[0m:[93m31[0m - [91merror[0m[90m TS2353: [0mObject literal may 
only specify known properties, and 'dataHora' does not exist in type 
'AgendamentoSelect<DefaultArgs>'.

[7m77[0m           select: { id: true, dataHora: true, status: true }
[7m  [0m [91m                              ~~~~~~~~[0m
[96msrc/domains/atendimento/services/historico-atendimento.service.ts[0m:[9
3m80[0m:[93m43[0m - [91merror[0m[90m TS2561: [0mObject literal may 
only specify known properties, but 'duracaoMinutos' does not exist in type 
'ServicoSelect<DefaultArgs>'. Did you mean to write 'duracaoMin'?

[7m80[0m           select: { id: true, nome: true, duracaoMinutos: true, 
preco: true }
[7m  [0m [91m                                          ~~~~~~~~~~~~~~[0m
[96msrc/domains/atendimento/services/historico-atendimento.service.ts[0m:[9
3m104[0m:[93m19[0m - [91merror[0m[90m TS2339: [0mProperty 'status' 
does not exist on type '{ id: string; barbeariaId: string; deletedAt: Date; 
data: Date; clienteId: string; barbeiroId: string; servicoId: string; 
agendamentoId: string; valorTotal: number; descricao: string; }'.

[7m104[0m     if (historico.status === StatusAtendimento.CONCLUIDO) {
[7m   [0m [91m                  ~~~~~~[0m
[96msrc/domains/atendimento/services/historico-atendimento.service.ts[0m:[9
3m110[0m:[93m42[0m - [91merror[0m[90m TS2339: [0mProperty 
'dataHoraInicio' does not exist on type '{ id: string; barbeariaId: string; 
deletedAt: Date; data: Date; clienteId: string; barbeiroId: string; 
servicoId: string; agendamentoId: string; valorTotal: number; descricao: 
string; }'.

[7m110[0m       (dataHoraFim.getTime() - 
historico.dataHoraInicio.getTime()) / (1000 * 60)
[7m   [0m [91m                                         ~~~~~~~~~~~~~~[0m
[96msrc/domains/atendimento/services/historico-atendimento.service.ts[0m:[9
3m116[0m:[93m9[0m - [91merror[0m[90m TS2353: [0mObject literal may 
only specify known properties, and 'dataHoraFim' does not exist in type 
'(Without<HistoricoAtendimentoUpdateInput, 
HistoricoAtendimentoUncheckedUpdateInput> & 
HistoricoAtendimentoUncheckedUpdateInput) | (Without<...> & 
HistoricoAtendimentoUpdateInput)'.

[7m116[0m         dataHoraFim,
[7m   [0m [91m        ~~~~~~~~~~~[0m

  [96mnode_modules/.prisma/client/index.d.ts[0m:[93m41008[0m:[93m5[0m
    [7m41008[0m     data: XOR<HistoricoAtendimentoUpdateInput, 
HistoricoAtendimentoUncheckedUpdateInput>
    [7m     [0m [96m    ~~~~[0m
    The expected type comes from property 'data' which is declared here on 
type '{ select?: HistoricoAtendimentoSelect<DefaultArgs>; include?: 
HistoricoAtendimentoInclude<DefaultArgs>; data: (Without<...> & 
HistoricoAtendimentoUncheckedUpdateInput) | (Without<...> & 
HistoricoAtendimentoUpdateInput); where: 
HistoricoAtendimentoWhereUniqueInput; }'
[96msrc/domains/atendimento/services/historico-atendimento.service.ts[0m:[9
3m119[0m:[93m51[0m - [91merror[0m[90m TS2339: [0mProperty 
'observacoes' does not exist on type '{ id: string; barbeariaId: string; 
deletedAt: Date; data: Date; clienteId: string; barbeiroId: string; 
servicoId: string; agendamentoId: string; valorTotal: number; descricao: 
string; }'.

[7m119[0m         observacoes: dto.observacoes || historico.observacoes,
[7m   [0m [91m                                                  
~~~~~~~~~~~[0m
[96msrc/domains/atendimento/services/historico-atendimento.service.ts[0m:[9
3m131[0m:[93m31[0m - [91merror[0m[90m TS2353: [0mObject literal may 
only specify known properties, and 'dataHora' does not exist in type 
'AgendamentoSelect<DefaultArgs>'.

[7m131[0m           select: { id: true, dataHora: true, status: true }
[7m   [0m [91m                              ~~~~~~~~[0m
[96msrc/domains/atendimento/services/historico-atendimento.service.ts[0m:[9
3m134[0m:[93m45[0m - [91merror[0m[90m TS2561: [0mObject literal may 
only specify known properties, but 'duracaoMinutos' does not exist in type 
'ServicoSelect<DefaultArgs>'. Did you mean to write 'duracaoMin'?

[7m134[0m             select: { id: true, nome: true, duracaoMinutos: true, 
preco: true }
[7m   [0m [91m                                            
~~~~~~~~~~~~~~[0m
[96msrc/domains/atendimento/services/historico-atendimento.service.ts[0m:[9
3m158[0m:[93m19[0m - [91merror[0m[90m TS2339: [0mProperty 'status' 
does not exist on type '{ id: string; barbeariaId: string; deletedAt: Date; 
data: Date; clienteId: string; barbeiroId: string; servicoId: string; 
agendamentoId: string; valorTotal: number; descricao: string; }'.

[7m158[0m     if (historico.status !== StatusAtendimento.CONCLUIDO) {
[7m   [0m [91m                  ~~~~~~[0m
[96msrc/domains/atendimento/services/historico-atendimento.service.ts[0m:[9
3m165[0m:[93m9[0m - [91merror[0m[90m TS2353: [0mObject literal may 
only specify known properties, and 'avaliacaoCliente' does not exist in type 
'(Without<HistoricoAtendimentoUpdateInput, 
HistoricoAtendimentoUncheckedUpdateInput> & 
HistoricoAtendimentoUncheckedUpdateInput) | (Without<...> & 
HistoricoAtendimentoUpdateInput)'.

[7m165[0m         avaliacaoCliente: avaliacao,
[7m   [0m [91m        ~~~~~~~~~~~~~~~~[0m

  [96mnode_modules/.prisma/client/index.d.ts[0m:[93m41008[0m:[93m5[0m
    [7m41008[0m     data: XOR<HistoricoAtendimentoUpdateInput, 
HistoricoAtendimentoUncheckedUpdateInput>
    [7m     [0m [96m    ~~~~[0m
    The expected type comes from property 'data' which is declared here on 
type '{ select?: HistoricoAtendimentoSelect<DefaultArgs>; include?: 
HistoricoAtendimentoInclude<DefaultArgs>; data: (Without<...> & 
HistoricoAtendimentoUncheckedUpdateInput) | (Without<...> & 
HistoricoAtendimentoUpdateInput); where: 
HistoricoAtendimentoWhereUniqueInput; }'
[96msrc/domains/atendimento/services/historico-atendimento.service.ts[0m:[9
3m176[0m:[93m31[0m - [91merror[0m[90m TS2353: [0mObject literal may 
only specify known properties, and 'dataHora' does not exist in type 
'AgendamentoSelect<DefaultArgs>'.

[7m176[0m           select: { id: true, dataHora: true, status: true }
[7m   [0m [91m                              ~~~~~~~~[0m
[96msrc/domains/atendimento/services/historico-atendimento.service.ts[0m:[9
3m179[0m:[93m45[0m - [91merror[0m[90m TS2561: [0mObject literal may 
only specify known properties, but 'duracaoMinutos' does not exist in type 
'ServicoSelect<DefaultArgs>'. Did you mean to write 'duracaoMin'?

[7m179[0m             select: { id: true, nome: true, duracaoMinutos: true, 
preco: true }
[7m   [0m [91m                                            
~~~~~~~~~~~~~~[0m
[96msrc/domains/atendimento/services/historico-atendimento.service.ts[0m:[9
3m218[0m:[93m31[0m - [91merror[0m[90m TS2353: [0mObject literal may 
only specify known properties, and 'dataHora' does not exist in type 
'AgendamentoSelect<DefaultArgs>'.

[7m218[0m           select: { id: true, dataHora: true, status: true }
[7m   [0m [91m                              ~~~~~~~~[0m
[96msrc/domains/atendimento/services/historico-atendimento.service.ts[0m:[9
3m221[0m:[93m45[0m - [91merror[0m[90m TS2561: [0mObject literal may 
only specify known properties, but 'duracaoMinutos' does not exist in type 
'ServicoSelect<DefaultArgs>'. Did you mean to write 'duracaoMin'?

[7m221[0m             select: { id: true, nome: true, duracaoMinutos: true, 
preco: true }
[7m   [0m [91m                                            
~~~~~~~~~~~~~~[0m
[96msrc/domains/atendimento/services/historico-atendimento.service.ts[0m:[9
3m224[0m:[93m18[0m - [91merror[0m[90m TS2353: [0mObject literal may 
only specify known properties, and 'dataHoraInicio' does not exist in type 
'HistoricoAtendimentoOrderByWithRelationInput | 
HistoricoAtendimentoOrderByWithRelationInput[]'.

[7m224[0m       orderBy: { dataHoraInicio: 'desc' }
[7m   [0m [91m                 ~~~~~~~~~~~~~~[0m

  [96mnode_modules/.prisma/client/index.d.ts[0m:[93m40923[0m:[93m5[0m
    [7m40923[0m     orderBy?: HistoricoAtendimentoOrderByWithRelationInput 
| HistoricoAtendimentoOrderByWithRelationInput[]
    [7m     [0m [96m    ~~~~~~~[0m
    The expected type comes from property 'orderBy' which is declared here on 
type '{ select?: HistoricoAtendimentoSelect<DefaultArgs>; include?: 
HistoricoAtendimentoInclude<DefaultArgs>; ... 5 more ...; distinct?: 
HistoricoAtendimentoScalarFieldEnum | HistoricoAtendimentoScalarFieldEnum[]; 
}'
[96msrc/domains/atendimento/services/historico-atendimento.service.ts[0m:[9
3m244[0m:[93m31[0m - [91merror[0m[90m TS2353: [0mObject literal may 
only specify known properties, and 'dataHora' does not exist in type 
'AgendamentoSelect<DefaultArgs>'.

[7m244[0m           select: { id: true, dataHora: true, status: true }
[7m   [0m [91m                              ~~~~~~~~[0m
[96msrc/domains/atendimento/services/historico-atendimento.service.ts[0m:[9
3m247[0m:[93m45[0m - [91merror[0m[90m TS2561: [0mObject literal may 
only specify known properties, but 'duracaoMinutos' does not exist in type 
'ServicoSelect<DefaultArgs>'. Did you mean to write 'duracaoMin'?

[7m247[0m             select: { id: true, nome: true, duracaoMinutos: true, 
preco: true }
[7m   [0m [91m                                            
~~~~~~~~~~~~~~[0m
[96msrc/domains/atendimento/services/historico-atendimento.service.ts[0m:[9
3m250[0m:[93m18[0m - [91merror[0m[90m TS2353: [0mObject literal may 
only specify known properties, and 'dataHoraInicio' does not exist in type 
'HistoricoAtendimentoOrderByWithRelationInput | 
HistoricoAtendimentoOrderByWithRelationInput[]'.

[7m250[0m       orderBy: { dataHoraInicio: 'desc' }
[7m   [0m [91m                 ~~~~~~~~~~~~~~[0m

  [96mnode_modules/.prisma/client/index.d.ts[0m:[93m40923[0m:[93m5[0m
    [7m40923[0m     orderBy?: HistoricoAtendimentoOrderByWithRelationInput 
| HistoricoAtendimentoOrderByWithRelationInput[]
    [7m     [0m [96m    ~~~~~~~[0m
    The expected type comes from property 'orderBy' which is declared here on 
type '{ select?: HistoricoAtendimentoSelect<DefaultArgs>; include?: 
HistoricoAtendimentoInclude<DefaultArgs>; ... 5 more ...; distinct?: 
HistoricoAtendimentoScalarFieldEnum | HistoricoAtendimentoScalarFieldEnum[]; 
}'
[96msrc/domains/atendimento/services/historico-atendimento.service.ts[0m:[9
3m290[0m:[93m17[0m - [91merror[0m[90m TS2353: [0mObject literal may 
only specify known properties, and 'duracaoMinutos' does not exist in type 
'HistoricoAtendimentoAvgAggregateInputType'.

[7m290[0m         _avg: { duracaoMinutos: true }
[7m   [0m [91m                ~~~~~~~~~~~~~~[0m

  [96mnode_modules/.prisma/client/index.d.ts[0m:[93m40196[0m:[93m5[0m
    [7m40196[0m     _avg?: HistoricoAtendimentoAvgAggregateInputType
    [7m     [0m [96m    ~~~~[0m
    The expected type comes from property '_avg' which is declared here on 
type 'Subset<HistoricoAtendimentoAggregateArgs<DefaultArgs>, 
HistoricoAtendimentoAggregateArgs<DefaultArgs>>'
[96msrc/domains/atendimento/services/historico-atendimento.service.ts[0m:[9
3m294[0m:[93m17[0m - [91merror[0m[90m TS2353: [0mObject literal may 
only specify known properties, and 'avaliacaoCliente' does not exist in type 
'HistoricoAtendimentoAvgAggregateInputType'.

[7m294[0m         _avg: { avaliacaoCliente: true }
[7m   [0m [91m                ~~~~~~~~~~~~~~~~[0m

  [96mnode_modules/.prisma/client/index.d.ts[0m:[93m40196[0m:[93m5[0m
    [7m40196[0m     _avg?: HistoricoAtendimentoAvgAggregateInputType
    [7m     [0m [96m    ~~~~[0m
    The expected type comes from property '_avg' which is declared here on 
type 'Subset<HistoricoAtendimentoAggregateArgs<DefaultArgs>, 
HistoricoAtendimentoAggregateArgs<DefaultArgs>>'
[96msrc/domains/atendimento/services/historico-atendimento.service.ts[0m:[9
3m299[0m:[93m40[0m - [91merror[0m[90m TS2615: [0mType of property 
'AND' circularly references itself in mapped type '{ [K in keyof { AND?: 
HistoricoAtendimentoScalarWhereWithAggregatesInput | 
HistoricoAtendimentoScalarWhereWithAggregatesInput[]; ... 11 more ...; 
deletedAt?: string | ... 1 more ... | 
DateTimeNullableWithAggregatesFilter<...>; }]: Or<...> extends 1 ? { ...; 
}[K] extends infer TK ? GetHavingFields<...> : never : {} e...'.

[7m299[0m     const performanceBarbeiros = await 
this.prisma.historicoAtendimento.groupBy({
[7m   [0m [91m                                       
~~~~~~~~~~~~~~~~~~~~~~~~~~~~~~~~~~~~~~~~~~[0m
[7m300[0m       by: ['barbeiroId'],
[7m   [0m [91m~~~~~~~~~~~~~~~~~~~~~~~~~[0m
[7m...[0m 
[7m303[0m       _avg: { duracaoMinutos: true, avaliacaoCliente: true }
[7m   [0m 
[91m~~~~~~~~~~~~~~~~~~~~~~~~~~~~~~~~~~~~~~~~~~~~~~~~~~~~~~~~~~~~[0m
[7m304[0m     });
[7m   [0m [91m~~~~~~[0m
[96msrc/domains/atendimento/services/historico-atendimento.service.ts[0m:[9
3m299[0m:[93m40[0m - [91merror[0m[90m TS2615: [0mType of property 
'NOT' circularly references itself in mapped type '{ [K in keyof { AND?: 
HistoricoAtendimentoScalarWhereWithAggregatesInput | 
HistoricoAtendimentoScalarWhereWithAggregatesInput[]; ... 11 more ...; 
deletedAt?: string | ... 1 more ... | 
DateTimeNullableWithAggregatesFilter<...>; }]: Or<...> extends 1 ? { ...; 
}[K] extends infer TK ? GetHavingFields<...> : never : {} e...'.

[7m299[0m     const performanceBarbeiros = await 
this.prisma.historicoAtendimento.groupBy({
[7m   [0m [91m                                       
~~~~~~~~~~~~~~~~~~~~~~~~~~~~~~~~~~~~~~~~~~[0m
[7m300[0m       by: ['barbeiroId'],
[7m   [0m [91m~~~~~~~~~~~~~~~~~~~~~~~~~[0m
[7m...[0m 
[7m303[0m       _avg: { duracaoMinutos: true, avaliacaoCliente: true }
[7m   [0m 
[91m~~~~~~~~~~~~~~~~~~~~~~~~~~~~~~~~~~~~~~~~~~~~~~~~~~~~~~~~~~~~[0m
[7m304[0m     });
[7m   [0m [91m~~~~~~[0m
[96msrc/domains/atendimento/services/historico-atendimento.service.ts[0m:[9
3m299[0m:[93m40[0m - [91merror[0m[90m TS2615: [0mType of property 'OR' 
circularly references itself in mapped type '{ [K in keyof { AND?: 
HistoricoAtendimentoScalarWhereWithAggregatesInput | 
HistoricoAtendimentoScalarWhereWithAggregatesInput[]; ... 11 more ...; 
deletedAt?: string | ... 1 more ... | 
DateTimeNullableWithAggregatesFilter<...>; }]: Or<...> extends 1 ? { ...; 
}[K] extends infer TK ? GetHavingFields<...> : never : {} e...'.

[7m299[0m     const performanceBarbeiros = await 
this.prisma.historicoAtendimento.groupBy({
[7m   [0m [91m                                       
~~~~~~~~~~~~~~~~~~~~~~~~~~~~~~~~~~~~~~~~~~[0m
[7m300[0m       by: ['barbeiroId'],
[7m   [0m [91m~~~~~~~~~~~~~~~~~~~~~~~~~[0m
[7m...[0m 
[7m303[0m       _avg: { duracaoMinutos: true, avaliacaoCliente: true }
[7m   [0m 
[91m~~~~~~~~~~~~~~~~~~~~~~~~~~~~~~~~~~~~~~~~~~~~~~~~~~~~~~~~~~~~[0m
[7m304[0m     });
[7m   [0m [91m~~~~~~[0m
[96msrc/domains/atendimento/services/historico-atendimento.service.ts[0m:[9
3m357[0m:[93m59[0m - [91merror[0m[90m TS2339: [0mProperty 
'duracaoMinutos' does not exist on type '{ valorTotal?: number; }'.

[7m357[0m         tempoMedioAtendimento: 
Math.round(tempoMedio._avg.duracaoMinutos || 0),
[7m   [0m [91m                                                          
~~~~~~~~~~~~~~[0m
[96msrc/domains/atendimento/services/historico-atendimento.service.ts[0m:[9
3m358[0m:[93m53[0m - [91merror[0m[90m TS2339: [0mProperty 
'avaliacaoCliente' does not exist on type '{ valorTotal?: number; }'.

[7m358[0m         avaliacaoMedia: 
Number((avaliacaoMedia._avg.avaliacaoCliente || 0).toFixed(1))
[7m   [0m [91m                                                    
~~~~~~~~~~~~~~~~[0m
[96msrc/domains/crm/controllers/campanha.controller.ts[0m:[93m18[0m:[93m3
0[0m - [91merror[0m[90m TS2307: [0mCannot find module 
'../../../core/auth/jwt-auth.guard' or its corresponding type declarations.

[7m18[0m import { JwtAuthGuard } from '../../../core/auth/jwt-auth.guard';
[7m  [0m [91m                             
~~~~~~~~~~~~~~~~~~~~~~~~~~~~~~~~~~~[0m
[96msrc/domains/crm/controllers/cliente.controller.ts[0m:[93m22[0m:[93m30
[0m - [91merror[0m[90m TS2307: [0mCannot find module 
'../../../core/auth/jwt-auth.guard' or its corresponding type declarations.

[7m22[0m import { JwtAuthGuard } from '../../../core/auth/jwt-auth.guard';
Found 112 error(s).

[7m  [0m [91m                             
~~~~~~~~~~~~~~~~~~~~~~~~~~~~~~~~~~~[0m
[96msrc/domains/crm/controllers/fidelidade.controller.ts[0m:[93m18[0m:[93
m30[0m - [91merror[0m[90m TS2307: [0mCannot find module 
'../../../core/auth/jwt-auth.guard' or its corresponding type declarations.

[7m18[0m import { JwtAuthGuard } from '../../../core/auth/jwt-auth.guard';
[7m  [0m [91m                             
~~~~~~~~~~~~~~~~~~~~~~~~~~~~~~~~~~~[0m
[96msrc/domains/crm/services/campanha.service.ts[0m:[93m48[0m:[93m9[0m 
- [91merror[0m[90m TS2561: [0mObject literal may only specify known 
properties, but 'ativa' does not exist in type 'CampanhaWhereInput'. Did you 
mean to write 'ativo'?

[7m48[0m         ativa: true,
[7m  [0m [91m        ~~~~~[0m

  [96mnode_modules/.prisma/client/index.d.ts[0m:[93m19735[0m:[93m5[0m
    [7m19735[0m     where?: CampanhaWhereInput
    [7m     [0m [96m    ~~~~~[0m
    The expected type comes from property 'where' which is declared here on 
type '{ select?: CampanhaSelect<DefaultArgs>; include?: 
CampanhaInclude<DefaultArgs>; where?: CampanhaWhereInput; ... 4 more ...; 
distinct?: CampanhaScalarFieldEnum | CampanhaScalarFieldEnum[]; }'
[96msrc/domains/crm/services/campanha.service.ts[0m:[93m132[0m:[93m13[0m
 - [91merror[0m[90m TS2353: [0mObject literal may only specify known 
properties, and 'historicoAtendimento' does not exist in type 
'ClienteCountOutputTypeSelect<DefaultArgs>'.

[7m132[0m             historicoAtendimento: true,
[7m   [0m [91m            ~~~~~~~~~~~~~~~~~~~~[0m
[96msrc/domains/crm/services/campanha.service.ts[0m:[93m219[0m:[93m67[0m
 - [91merror[0m[90m TS2339: [0mProperty 'total' does not exist on type '{ 
cliente: { id: string; email: string; nome: string; telefone: string; ativo: 
boolean; barbeariaId: string; createdAt: Date; updatedAt: Date; deletedAt: 
Date; createdByUsuarioId: string; updatedByUsuarioId: string; fotoUrl: 
string; }; } & { ...; }'.

[7m219[0m     const totalVendas = vendas.reduce((sum, venda) => sum + 
venda.total, 0);
[7m   [0m [91m                                                             
     ~~~~~[0m
[96msrc/domains/crm/services/cliente.service.ts[0m:[93m136[0m:[93m20[0m 
- [91merror[0m[90m TS2353: [0mObject literal may only specify known 
properties, and 'createdAt' does not exist in type 
'HistoricoAtendimentoOrderByWithRelationInput | 
HistoricoAtendimentoOrderByWithRelationInput[]'.

[7m136[0m         orderBy: { createdAt: 'desc' },
[7m   [0m [91m                   ~~~~~~~~~[0m

  [96mnode_modules/.prisma/client/index.d.ts[0m:[93m40923[0m:[93m5[0m
    [7m40923[0m     orderBy?: HistoricoAtendimentoOrderByWithRelationInput 
| HistoricoAtendimentoOrderByWithRelationInput[]
    [7m     [0m [96m    ~~~~~~~[0m
    The expected type comes from property 'orderBy' which is declared here on 
type '{ select?: HistoricoAtendimentoSelect<DefaultArgs>; include?: 
HistoricoAtendimentoInclude<DefaultArgs>; ... 5 more ...; distinct?: 
HistoricoAtendimentoScalarFieldEnum | HistoricoAtendimentoScalarFieldEnum[]; 
}'
[96msrc/domains/crm/services/cliente.service.ts[0m:[93m148[0m:[93m22[0m 
- [91merror[0m[90m TS2353: [0mObject literal may only specify known 
properties, and 'deletedAt' does not exist in type 'ItemVendaWhereInput'.

[7m148[0m             where: { deletedAt: null },
[7m   [0m [91m                     ~~~~~~~~~[0m
[96msrc/domains/crm/services/cliente.service.ts[0m:[93m175[0m:[93m35[0m 
- [91merror[0m[90m TS2353: [0mObject literal may only specify known 
properties, and 'duracao' does not exist in type 'ServicoSelect<DefaultArgs>'.

[7m175[0m             select: { nome: true, duracao: true },
[7m   [0m [91m                                  ~~~~~~~[0m
[96msrc/domains/crm/services/cliente.service.ts[0m:[93m186[0m:[93m11[0m 
- [91merror[0m[90m TS2353: [0mObject literal may only specify known 
properties, and 'deletedAt' does not exist in type 'FidelidadeWhereInput'.

[7m186[0m           deletedAt: null,
[7m   [0m [91m          ~~~~~~~~~[0m

  [96mnode_modules/.prisma/client/index.d.ts[0m:[93m44825[0m:[93m5[0m
    [7m44825[0m     where?: FidelidadeWhereInput
    [7m     [0m [96m    ~~~~~[0m
    The expected type comes from property 'where' which is declared here on 
type '{ select?: FidelidadeSelect<DefaultArgs>; include?: 
FidelidadeInclude<DefaultArgs>; where?: FidelidadeWhereInput; ... 4 more ...; 
distinct?: FidelidadeScalarFieldEnum | FidelidadeScalarFieldEnum[]; }'

