prisma/seed.ts(30,7): error TS2353: Object literal may only specify known properties, and 'senhaHash' does not exist in type '(Without<UsuarioCreateInput, UsuarioUncheckedCreateInput> & UsuarioUncheckedCreateInput) | (Without<...> & UsuarioCreateInput)'.
prisma/seed.ts(44,7): error TS2322: Type '"GERENTE"' is not assignable to type 'Role'.
prisma/seed.ts(56,7): error TS2820: Type '"BARBEIRO"' is not assignable to type 'Role'. Did you mean '"BARBER"'?
prisma/seed.ts(67,7): error TS2820: Type '"BARBEIRO"' is not assignable to type 'Role'. Did you mean '"BARBER"'?
prisma/seed.ts(579,7): error TS2322: Type '"PAGO"' is not assignable to type 'PagamentoStatus'.
prisma/seed.ts(590,7): error TS2322: Type '"PAGO"' is not assignable to type 'PagamentoStatus'.
src/core/auth/auth.service.ts(13,53): error TS2339: Property 'senhaHash' does not exist on type '{ id: string; email: string; nome: string; senha: string; telefone: string; role: Role; ativo: boolean; barbeariaId: string; createdAt: Date; updatedAt: Date; deletedAt: Date; }'.
src/domains/agendamento/agendamento.module.ts(2,30): error TS2307: Cannot find module '../../core/prisma/prisma.module' or its corresponding type declarations.
src/domains/agendamento/agendamento.module.ts(7,33): error TS2307: Cannot find module './controllers/turno.controller' or its corresponding type declarations.
src/domains/agendamento/agendamento.module.ts(8,42): error TS2307: Cannot find module './controllers/bloqueio-agenda.controller' or its corresponding type declarations.
src/domains/agendamento/agendamento.module.ts(9,38): error TS2307: Cannot find module './controllers/calendario.controller' or its corresponding type declarations.
src/domains/agendamento/agendamento.module.ts(13,30): error TS2307: Cannot find module './services/turno.service' or its corresponding type declarations.
src/domains/agendamento/agendamento.module.ts(14,39): error TS2307: Cannot find module './services/bloqueio-agenda.service' or its corresponding type declarations.
src/domains/agendamento/agendamento.module.ts(15,35): error TS2307: Cannot find module './services/calendario.service' or its corresponding type declarations.
src/domains/agendamento/agendamento.module.ts(20,42): error TS2307: Cannot find module './events/agendamento.event-handlers' or its corresponding type declarations.
src/domains/agendamento/controllers/agendamento.controller.ts(22,30): error TS2307: Cannot find module '../../../core/auth/jwt-auth.guard' or its corresponding type declarations.
src/domains/agendamento/controllers/agendamento.controller.ts(162,16): error TS1016: A required parameter cannot follow an optional parameter.
src/domains/agendamento/controllers/agendamento.controller.ts(188,16): error TS1016: A required parameter cannot follow an optional parameter.
src/domains/agendamento/controllers/agendamento.controller.ts(220,16): error TS1016: A required parameter cannot follow an optional parameter.
src/domains/agendamento/controllers/agendamento.controller.ts(270,5): error TS2740: Type '{ id: string; barbeariaId: string; createdAt: Date; deletedAt: Date; clienteId: string; barbeiroId: string; servicoId: string; inicio: Date; fim: Date; status: AgendamentoStatus; createdByUsuarioId: string; updatedByUsuarioId: string; }' is missing the following properties from type 'AgendamentoResponseDto': dataHora, duracaoMinutos, observacoes, recorrencia, and 4 more.
src/domains/agendamento/controllers/agendamento.controller.ts(275,4): error TS2554: Expected 1 arguments, but got 0.
src/domains/agendamento/controllers/agendamento.controller.ts(297,4): error TS2554: Expected 1 arguments, but got 0.
src/domains/agendamento/services/agendamento.service.ts(16,53): error TS2344: Type '{ id: string; barbeariaId: string; createdAt: Date; deletedAt: Date; clienteId: string; barbeiroId: string; servicoId: string; inicio: Date; fim: Date; status: AgendamentoStatus; createdByUsuarioId: string; updatedByUsuarioId: string; }' does not satisfy the constraint 'SoftDeleteEntity'.
  Property 'updatedAt' is missing in type '{ id: string; barbeariaId: string; createdAt: Date; deletedAt: Date; clienteId: string; barbeiroId: string; servicoId: string; inicio: Date; fim: Date; status: AgendamentoStatus; createdByUsuarioId: string; updatedByUsuarioId: string; }' but required in type 'SoftDeleteEntity'.
src/domains/agendamento/services/agendamento.service.ts(52,80): error TS2551: Property 'duracaoMinutos' does not exist on type '{ id: string; nome: string; barbeariaId: string; deletedAt: Date; createdByUsuarioId: string; updatedByUsuarioId: string; preco: number; duracaoMin: number; categoriaId: string; }'. Did you mean 'duracaoMin'?
src/domains/agendamento/services/agendamento.service.ts(78,11): error TS2353: Object literal may only specify known properties, and 'dataHora' does not exist in type '(Without<AgendamentoCreateInput, AgendamentoUncheckedCreateInput> & AgendamentoUncheckedCreateInput) | (Without<...> & AgendamentoCreateInput)'.
src/domains/agendamento/services/agendamento.service.ts(116,9): error TS2353: Object literal may only specify known properties, and 'updatedAt' does not exist in type '(Without<AgendamentoUpdateInput, AgendamentoUncheckedUpdateInput> & AgendamentoUncheckedUpdateInput) | (Without<...> & AgendamentoUpdateInput)'.
src/domains/agendamento/services/agendamento.service.ts(122,29): error TS2339: Property 'emitDomainEvent' does not exist on type 'DomainEventEmitterService'.
src/domains/agendamento/services/agendamento.service.ts(126,29): error TS2339: Property 'dataHora' does not exist on type '{ cliente: { id: string; nome: string; telefone: string; }; barbeiro: { id: string; nome: string; }; agendamentoServicos: never; } & { id: string; barbeariaId: string; createdAt: Date; deletedAt: Date; ... 7 more ...; updatedByUsuarioId: string; }'.
src/domains/agendamento/services/agendamento.service.ts(148,9): error TS2353: Object literal may only specify known properties, and 'updatedAt' does not exist in type '(Without<AgendamentoUpdateInput, AgendamentoUncheckedUpdateInput> & AgendamentoUncheckedUpdateInput) | (Without<...> & AgendamentoUpdateInput)'.
src/domains/agendamento/services/agendamento.service.ts(155,29): error TS2339: Property 'emitDomainEvent' does not exist on type 'DomainEventEmitterService'.
src/domains/agendamento/services/agendamento.service.ts(159,51): error TS2339: Property 'map' does not exist on type 'never'.
src/domains/agendamento/services/agendamento.service.ts(160,35): error TS2339: Property 'dataHora' does not exist on type '{ cliente: { id: string; nome: string; telefone: string; }; barbeiro: { id: string; nome: string; }; agendamentoServicos: never; } & { id: string; barbeariaId: string; createdAt: Date; deletedAt: Date; ... 7 more ...; updatedByUsuarioId: string; }'.
src/domains/agendamento/services/agendamento.service.ts(184,9): error TS2353: Object literal may only specify known properties, and 'updatedAt' does not exist in type '(Without<AgendamentoUpdateInput, AgendamentoUncheckedUpdateInput> & AgendamentoUncheckedUpdateInput) | (Without<...> & AgendamentoUpdateInput)'.
src/domains/agendamento/services/agendamento.service.ts(191,29): error TS2339: Property 'emitDomainEvent' does not exist on type 'DomainEventEmitterService'.
src/domains/agendamento/services/agendamento.service.ts(195,51): error TS2339: Property 'map' does not exist on type 'never'.
src/domains/agendamento/services/agendamento.service.ts(196,35): error TS2339: Property 'dataHora' does not exist on type '{ cliente: { id: string; nome: string; telefone: string; }; barbeiro: { id: string; nome: string; }; agendamentoServicos: never; } & { id: string; barbeariaId: string; createdAt: Date; deletedAt: Date; ... 7 more ...; updatedByUsuarioId: string; }'.
src/domains/agendamento/services/agendamento.service.ts(197,41): error TS2339: Property 'dataHora' does not exist on type '{ cliente: { id: string; nome: string; telefone: string; }; barbeiro: { id: string; nome: string; }; agendamentoServicos: never; } & { id: string; barbeariaId: string; createdAt: Date; deletedAt: Date; ... 7 more ...; updatedByUsuarioId: string; }'.
src/domains/agendamento/services/agendamento.service.ts(197,74): error TS2339: Property 'duracaoMinutos' does not exist on type '{ cliente: { id: string; nome: string; telefone: string; }; barbeiro: { id: string; nome: string; }; agendamentoServicos: never; } & { id: string; barbeariaId: string; createdAt: Date; deletedAt: Date; ... 7 more ...; updatedByUsuarioId: string; }'.
src/domains/agendamento/services/agendamento.service.ts(198,32): error TS2339: Property 'observacoes' does not exist on type '{ cliente: { id: string; nome: string; telefone: string; }; barbeiro: { id: string; nome: string; }; agendamentoServicos: never; } & { id: string; barbeariaId: string; createdAt: Date; deletedAt: Date; ... 7 more ...; updatedByUsuarioId: string; }'.
src/domains/agendamento/services/agendamento.service.ts(217,104): error TS2345: Argument of type 'AgendamentoStatus' is not assignable to parameter of type 'StatusAgendamento'.
  Type '"PENDENTE"' is not assignable to type 'StatusAgendamento'.
src/domains/agendamento/services/agendamento.service.ts(222,61): error TS2339: Property 'observacoes' does not exist on type '{ cliente: { id: string; nome: string; telefone: string; }; barbeiro: { id: string; nome: string; }; agendamentoServicos: never; } & { id: string; barbeariaId: string; createdAt: Date; deletedAt: Date; ... 7 more ...; updatedByUsuarioId: string; }'.
src/domains/agendamento/services/agendamento.service.ts(222,113): error TS2339: Property 'observacoes' does not exist on type '{ cliente: { id: string; nome: string; telefone: string; }; barbeiro: { id: string; nome: string; }; agendamentoServicos: never; } & { id: string; barbeariaId: string; createdAt: Date; deletedAt: Date; ... 7 more ...; updatedByUsuarioId: string; }'.
src/domains/agendamento/services/agendamento.service.ts(228,9): error TS2353: Object literal may only specify known properties, and 'observacoes' does not exist in type '(Without<AgendamentoUpdateInput, AgendamentoUncheckedUpdateInput> & AgendamentoUncheckedUpdateInput) | (Without<...> & AgendamentoUpdateInput)'.
src/domains/agendamento/services/agendamento.service.ts(235,29): error TS2339: Property 'emitDomainEvent' does not exist on type 'DomainEventEmitterService'.
src/domains/agendamento/services/agendamento.service.ts(273,18): error TS2353: Object literal may only specify known properties, and 'dataHora' does not exist in type 'AgendamentoOrderByWithRelationInput | AgendamentoOrderByWithRelationInput[]'.
src/domains/agendamento/services/conflitos.service.ts(99,17): error TS2353: Object literal may only specify known properties, and 'dataHora' does not exist in type 'AgendamentoWhereInput'.
src/domains/agendamento/services/conflitos.service.ts(101,17): error TS2353: Object literal may only specify known properties, and 'dataHora' does not exist in type 'AgendamentoWhereInput'.
src/domains/agendamento/services/conflitos.service.ts(110,17): error TS2353: Object literal may only specify known properties, and 'dataHora' does not exist in type 'AgendamentoWhereInput'.
src/domains/agendamento/services/conflitos.service.ts(112,17): error TS2353: Object literal may only specify known properties, and 'dataHora' does not exist in type 'AgendamentoWhereInput'.
src/domains/agendamento/services/conflitos.service.ts(121,17): error TS2353: Object literal may only specify known properties, and 'dataHora' does not exist in type 'AgendamentoWhereInput'.
src/domains/agendamento/services/conflitos.service.ts(122,17): error TS2353: Object literal may only specify known properties, and 'dataHora' does not exist in type 'AgendamentoWhereInput'.
src/domains/agendamento/services/conflitos.service.ts(135,23): error TS2339: Property 'dataHora' does not exist on type '{ id: string; barbeariaId: string; createdAt: Date; deletedAt: Date; clienteId: string; barbeiroId: string; servicoId: string; inicio: Date; fim: Date; status: AgendamentoStatus; createdByUsuarioId: string; updatedByUsuarioId: string; }'.
src/domains/agendamento/services/conflitos.service.ts(135,56): error TS2339: Property 'duracaoMinutos' does not exist on type '{ id: string; barbeariaId: string; createdAt: Date; deletedAt: Date; clienteId: string; barbeiroId: string; servicoId: string; inicio: Date; fim: Date; status: AgendamentoStatus; createdByUsuarioId: string; updatedByUsuarioId: string; }'.
src/domains/agendamento/services/conflitos.service.ts(140,38): error TS2339: Property 'dataHora' does not exist on type '{ id: string; barbeariaId: string; createdAt: Date; deletedAt: Date; clienteId: string; barbeiroId: string; servicoId: string; inicio: Date; fim: Date; status: AgendamentoStatus; createdByUsuarioId: string; updatedByUsuarioId: string; }'.
src/domains/agendamento/services/conflitos.service.ts(146,63): error TS2551: Property 'cliente' does not exist on type '{ id: string; barbeariaId: string; createdAt: Date; deletedAt: Date; clienteId: string; barbeiroId: string; servicoId: string; inicio: Date; fim: Date; status: AgendamentoStatus; createdByUsuarioId: string; updatedByUsuarioId: string; }'. Did you mean 'clienteId'?
src/domains/agendamento/services/conflitos.service.ts(146,112): error TS2339: Property 'dataHora' does not exist on type '{ id: string; barbeariaId: string; createdAt: Date; deletedAt: Date; clienteId: string; barbeiroId: string; servicoId: string; inicio: Date; fim: Date; status: AgendamentoStatus; createdByUsuarioId: string; updatedByUsuarioId: string; }'.
src/domains/agendamento/services/conflitos.service.ts(147,31): error TS2339: Property 'dataHora' does not exist on type '{ id: string; barbeariaId: string; createdAt: Date; deletedAt: Date; clienteId: string; barbeiroId: string; servicoId: string; inicio: Date; fim: Date; status: AgendamentoStatus; createdByUsuarioId: string; updatedByUsuarioId: string; }'.
src/domains/agendamento/services/conflitos.service.ts(171,17): error TS2561: Object literal may only specify known properties, but 'dataHoraInicio' does not exist in type 'BloqueioAgendaWhereInput'. Did you mean to write 'dataInicio'?
src/domains/agendamento/services/conflitos.service.ts(172,17): error TS2353: Object literal may only specify known properties, and 'dataHoraFim' does not exist in type 'BloqueioAgendaWhereInput'.
src/domains/agendamento/services/conflitos.service.ts(178,17): error TS2561: Object literal may only specify known properties, but 'dataHoraInicio' does not exist in type 'BloqueioAgendaWhereInput'. Did you mean to write 'dataInicio'?
src/domains/agendamento/services/conflitos.service.ts(179,17): error TS2353: Object literal may only specify known properties, and 'dataHoraFim' does not exist in type 'BloqueioAgendaWhereInput'.
src/domains/agendamento/services/conflitos.service.ts(185,17): error TS2561: Object literal may only specify known properties, but 'dataHoraInicio' does not exist in type 'BloqueioAgendaWhereInput'. Did you mean to write 'dataInicio'?
src/domains/agendamento/services/conflitos.service.ts(186,17): error TS2353: Object literal may only specify known properties, and 'dataHoraFim' does not exist in type 'BloqueioAgendaWhereInput'.
src/domains/agendamento/services/conflitos.service.ts(192,17): error TS2561: Object literal may only specify known properties, but 'dataHoraInicio' does not exist in type 'BloqueioAgendaWhereInput'. Did you mean to write 'dataInicio'?
src/domains/agendamento/services/conflitos.service.ts(193,17): error TS2353: Object literal may only specify known properties, and 'dataHoraFim' does not exist in type 'BloqueioAgendaWhereInput'.
src/domains/agendamento/services/conflitos.service.ts(202,53): error TS2339: Property 'motivo' does not exist on type '{ id: string; barbeariaId: string; createdAt: Date; updatedAt: Date; deletedAt: Date; barbeiroId: string; tipo: TipoBloqueio; descricao: string; dataInicio: Date; dataFim: Date; recorrente: boolean; titulo: string; }'.
src/domains/agendamento/services/conflitos.service.ts(202,91): error TS2551: Property 'dataHoraInicio' does not exist on type '{ id: string; barbeariaId: string; createdAt: Date; updatedAt: Date; deletedAt: Date; barbeiroId: string; tipo: TipoBloqueio; descricao: string; dataInicio: Date; dataFim: Date; recorrente: boolean; titulo: string; }'. Did you mean 'dataInicio'?
src/domains/agendamento/services/conflitos.service.ts(202,139): error TS2339: Property 'dataHoraFim' does not exist on type '{ id: string; barbeariaId: string; createdAt: Date; updatedAt: Date; deletedAt: Date; barbeiroId: string; tipo: TipoBloqueio; descricao: string; dataInicio: Date; dataFim: Date; recorrente: boolean; titulo: string; }'.
src/domains/agendamento/services/conflitos.service.ts(203,26): error TS2551: Property 'dataHoraInicio' does not exist on type '{ id: string; barbeariaId: string; createdAt: Date; updatedAt: Date; deletedAt: Date; barbeiroId: string; tipo: TipoBloqueio; descricao: string; dataInicio: Date; dataFim: Date; recorrente: boolean; titulo: string; }'. Did you mean 'dataInicio'?
src/domains/agendamento/services/slots.service.ts(75,9): error TS2561: Object literal may only specify known properties, but 'duracaoMinutos' does not exist in type 'ServicoSelect<DefaultArgs>'. Did you mean to write 'duracaoMin'?
src/domains/agendamento/services/slots.service.ts(83,85): error TS2551: Property 'duracaoMinutos' does not exist on type '{ id: string; nome: string; barbeariaId: string; deletedAt: Date; createdByUsuarioId: string; updatedByUsuarioId: string; preco: number; duracaoMin: number; categoriaId: string; }'. Did you mean 'duracaoMin'?
src/domains/atendimento/atendimento.module.ts(2,30): error TS2307: Cannot find module '../../core/prisma/prisma.module' or its corresponding type declarations.
src/domains/atendimento/controllers/atendimento.controller.ts(20,30): error TS2307: Cannot find module '../../../core/auth/jwt-auth.guard' or its corresponding type declarations.
src/domains/atendimento/events/atendimento.event-handlers.ts(181,34): error TS2339: Property 'status' does not exist on type '{ id: string; barbeariaId: string; deletedAt: Date; data: Date; clienteId: string; barbeiroId: string; servicoId: string; agendamentoId: string; valorTotal: number; descricao: string; }'.
src/domains/atendimento/events/atendimento.event-handlers.ts(186,13): error TS2353: Object literal may only specify known properties, and 'status' does not exist in type '(Without<HistoricoAtendimentoUpdateInput, HistoricoAtendimentoUncheckedUpdateInput> & HistoricoAtendimentoUncheckedUpdateInput) | (Without<...> & HistoricoAtendimentoUpdateInput)'.
src/domains/atendimento/services/historico-atendimento.service.ts(15,50): error TS2314: Generic type 'BaseService<T>' requires 1 type argument(s).
src/domains/atendimento/services/historico-atendimento.service.ts(60,9): error TS2353: Object literal may only specify known properties, and 'dataHoraInicio' does not exist in type '(Without<HistoricoAtendimentoCreateInput, HistoricoAtendimentoUncheckedCreateInput> & HistoricoAtendimentoUncheckedCreateInput) | (Without<...> & HistoricoAtendimentoCreateInput)'.
src/domains/atendimento/services/historico-atendimento.service.ts(77,31): error TS2353: Object literal may only specify known properties, and 'dataHora' does not exist in type 'AgendamentoSelect<DefaultArgs>'.
src/domains/atendimento/services/historico-atendimento.service.ts(80,43): error TS2561: Object literal may only specify known properties, but 'duracaoMinutos' does not exist in type 'ServicoSelect<DefaultArgs>'. Did you mean to write 'duracaoMin'?
src/domains/atendimento/services/historico-atendimento.service.ts(104,19): error TS2339: Property 'status' does not exist on type '{ id: string; barbeariaId: string; deletedAt: Date; data: Date; clienteId: string; barbeiroId: string; servicoId: string; agendamentoId: string; valorTotal: number; descricao: string; }'.
src/domains/atendimento/services/historico-atendimento.service.ts(110,42): error TS2339: Property 'dataHoraInicio' does not exist on type '{ id: string; barbeariaId: string; deletedAt: Date; data: Date; clienteId: string; barbeiroId: string; servicoId: string; agendamentoId: string; valorTotal: number; descricao: string; }'.
src/domains/atendimento/services/historico-atendimento.service.ts(116,9): error TS2353: Object literal may only specify known properties, and 'dataHoraFim' does not exist in type '(Without<HistoricoAtendimentoUpdateInput, HistoricoAtendimentoUncheckedUpdateInput> & HistoricoAtendimentoUncheckedUpdateInput) | (Without<...> & HistoricoAtendimentoUpdateInput)'.
src/domains/atendimento/services/historico-atendimento.service.ts(119,51): error TS2339: Property 'observacoes' does not exist on type '{ id: string; barbeariaId: string; deletedAt: Date; data: Date; clienteId: string; barbeiroId: string; servicoId: string; agendamentoId: string; valorTotal: number; descricao: string; }'.
src/domains/atendimento/services/historico-atendimento.service.ts(131,31): error TS2353: Object literal may only specify known properties, and 'dataHora' does not exist in type 'AgendamentoSelect<DefaultArgs>'.
src/domains/atendimento/services/historico-atendimento.service.ts(134,45): error TS2561: Object literal may only specify known properties, but 'duracaoMinutos' does not exist in type 'ServicoSelect<DefaultArgs>'. Did you mean to write 'duracaoMin'?
src/domains/atendimento/services/historico-atendimento.service.ts(158,19): error TS2339: Property 'status' does not exist on type '{ id: string; barbeariaId: string; deletedAt: Date; data: Date; clienteId: string; barbeiroId: string; servicoId: string; agendamentoId: string; valorTotal: number; descricao: string; }'.
src/domains/atendimento/services/historico-atendimento.service.ts(165,9): error TS2353: Object literal may only specify known properties, and 'avaliacaoCliente' does not exist in type '(Without<HistoricoAtendimentoUpdateInput, HistoricoAtendimentoUncheckedUpdateInput> & HistoricoAtendimentoUncheckedUpdateInput) | (Without<...> & HistoricoAtendimentoUpdateInput)'.
src/domains/atendimento/services/historico-atendimento.service.ts(176,31): error TS2353: Object literal may only specify known properties, and 'dataHora' does not exist in type 'AgendamentoSelect<DefaultArgs>'.
src/domains/atendimento/services/historico-atendimento.service.ts(179,45): error TS2561: Object literal may only specify known properties, but 'duracaoMinutos' does not exist in type 'ServicoSelect<DefaultArgs>'. Did you mean to write 'duracaoMin'?
src/domains/atendimento/services/historico-atendimento.service.ts(218,31): error TS2353: Object literal may only specify known properties, and 'dataHora' does not exist in type 'AgendamentoSelect<DefaultArgs>'.
src/domains/atendimento/services/historico-atendimento.service.ts(221,45): error TS2561: Object literal may only specify known properties, but 'duracaoMinutos' does not exist in type 'ServicoSelect<DefaultArgs>'. Did you mean to write 'duracaoMin'?
src/domains/atendimento/services/historico-atendimento.service.ts(224,18): error TS2353: Object literal may only specify known properties, and 'dataHoraInicio' does not exist in type 'HistoricoAtendimentoOrderByWithRelationInput | HistoricoAtendimentoOrderByWithRelationInput[]'.
src/domains/atendimento/services/historico-atendimento.service.ts(244,31): error TS2353: Object literal may only specify known properties, and 'dataHora' does not exist in type 'AgendamentoSelect<DefaultArgs>'.
src/domains/atendimento/services/historico-atendimento.service.ts(247,45): error TS2561: Object literal may only specify known properties, but 'duracaoMinutos' does not exist in type 'ServicoSelect<DefaultArgs>'. Did you mean to write 'duracaoMin'?
src/domains/atendimento/services/historico-atendimento.service.ts(250,18): error TS2353: Object literal may only specify known properties, and 'dataHoraInicio' does not exist in type 'HistoricoAtendimentoOrderByWithRelationInput | HistoricoAtendimentoOrderByWithRelationInput[]'.
src/domains/atendimento/services/historico-atendimento.service.ts(290,17): error TS2353: Object literal may only specify known properties, and 'duracaoMinutos' does not exist in type 'HistoricoAtendimentoAvgAggregateInputType'.
src/domains/atendimento/services/historico-atendimento.service.ts(294,17): error TS2353: Object literal may only specify known properties, and 'avaliacaoCliente' does not exist in type 'HistoricoAtendimentoAvgAggregateInputType'.
src/domains/atendimento/services/historico-atendimento.service.ts(299,40): error TS2615: Type of property 'AND' circularly references itself in mapped type '{ [K in keyof { AND?: HistoricoAtendimentoScalarWhereWithAggregatesInput | HistoricoAtendimentoScalarWhereWithAggregatesInput[]; ... 11 more ...; deletedAt?: string | ... 1 more ... | DateTimeNullableWithAggregatesFilter<...>; }]: Or<...> extends 1 ? { ...; }[K] extends infer TK ? GetHavingFields<...> : never : {} e...'.
src/domains/atendimento/services/historico-atendimento.service.ts(299,40): error TS2615: Type of property 'NOT' circularly references itself in mapped type '{ [K in keyof { AND?: HistoricoAtendimentoScalarWhereWithAggregatesInput | HistoricoAtendimentoScalarWhereWithAggregatesInput[]; ... 11 more ...; deletedAt?: string | ... 1 more ... | DateTimeNullableWithAggregatesFilter<...>; }]: Or<...> extends 1 ? { ...; }[K] extends infer TK ? GetHavingFields<...> : never : {} e...'.
src/domains/atendimento/services/historico-atendimento.service.ts(299,40): error TS2615: Type of property 'OR' circularly references itself in mapped type '{ [K in keyof { AND?: HistoricoAtendimentoScalarWhereWithAggregatesInput | HistoricoAtendimentoScalarWhereWithAggregatesInput[]; ... 11 more ...; deletedAt?: string | ... 1 more ... | DateTimeNullableWithAggregatesFilter<...>; }]: Or<...> extends 1 ? { ...; }[K] extends infer TK ? GetHavingFields<...> : never : {} e...'.
src/domains/atendimento/services/historico-atendimento.service.ts(357,59): error TS2339: Property 'duracaoMinutos' does not exist on type '{ valorTotal?: number; }'.
src/domains/atendimento/services/historico-atendimento.service.ts(358,53): error TS2339: Property 'avaliacaoCliente' does not exist on type '{ valorTotal?: number; }'.
src/domains/crm/controllers/campanha.controller.ts(18,30): error TS2307: Cannot find module '../../../core/auth/jwt-auth.guard' or its corresponding type declarations.
src/domains/crm/controllers/cliente.controller.ts(22,30): error TS2307: Cannot find module '../../../core/auth/jwt-auth.guard' or its corresponding type declarations.
src/domains/crm/controllers/fidelidade.controller.ts(18,30): error TS2307: Cannot find module '../../../core/auth/jwt-auth.guard' or its corresponding type declarations.
src/domains/crm/services/campanha.service.ts(48,9): error TS2561: Object literal may only specify known properties, but 'ativa' does not exist in type 'CampanhaWhereInput'. Did you mean to write 'ativo'?
src/domains/crm/services/campanha.service.ts(132,13): error TS2353: Object literal may only specify known properties, and 'historicoAtendimento' does not exist in type 'ClienteCountOutputTypeSelect<DefaultArgs>'.
src/domains/crm/services/campanha.service.ts(219,67): error TS2339: Property 'total' does not exist on type '{ cliente: { id: string; email: string; nome: string; telefone: string; ativo: boolean; barbeariaId: string; createdAt: Date; updatedAt: Date; deletedAt: Date; createdByUsuarioId: string; updatedByUsuarioId: string; fotoUrl: string; }; } & { ...; }'.
src/domains/crm/services/cliente.service.ts(136,20): error TS2353: Object literal may only specify known properties, and 'createdAt' does not exist in type 'HistoricoAtendimentoOrderByWithRelationInput | HistoricoAtendimentoOrderByWithRelationInput[]'.
src/domains/crm/services/cliente.service.ts(148,22): error TS2353: Object literal may only specify known properties, and 'deletedAt' does not exist in type 'ItemVendaWhereInput'.
src/domains/crm/services/cliente.service.ts(175,35): error TS2353: Object literal may only specify known properties, and 'duracao' does not exist in type 'ServicoSelect<DefaultArgs>'.
src/domains/crm/services/cliente.service.ts(186,11): error TS2353: Object literal may only specify known properties, and 'deletedAt' does not exist in type 'FidelidadeWhereInput'.
